../Core/Src/main.c:88:5:main	32	static
../Core/Src/main.c:219:6:SystemClock_Config	88	static
../Core/Src/main.c:271:13:MX_ADC1_Init	24	static
../Core/Src/main.c:329:13:MX_I2C1_Init	8	static
../Core/Src/main.c:377:13:MX_RTC_Init	32	static
../Core/Src/main.c:443:13:MX_TIM17_Init	8	static
../Core/Src/main.c:475:13:MX_GPIO_Init	48	static
../Core/Src/main.c:518:6:ADC_Select_CH4	8	static
../Core/Src/main.c:528:6:ADC_Select_CH5	8	static
../Core/Src/main.c:545:6:Error_Handler	8	static,ignoring_inline_asm
