../Core/Src/main.c:129:6:HAL_GPIO_EXTI_Falling_Callback	0	static
../Core/Src/main.c:140:6:HAL_GPIO_EXTI_Rising_Callback	0	static
../Core/Src/main.c:153:6:HAL_ADC_LevelOutOfWindowCallback	0	static
../Core/Src/main.c:517:6:SystemClock_Config	80	static,ignoring_inline_asm
../Core/Src/main.c:920:6:WriteTime	24	static
../Core/Src/main.c:952:10:BatteryCharge	8	static
../Core/Src/main.c:998:6:WriteBatteryCharge	16	static
../Core/Src/main.c:1007:6:ConfigTime	16	static,ignoring_inline_asm
../Core/Src/main.c:1081:6:DetectImpulse	8	static
../Core/Src/main.c:1119:6:CalculateSpeed	32	static
../Core/Src/main.c:168:5:main	88	static,ignoring_inline_asm
../Core/Src/main.c:1162:6:Error_Handler	0	static,ignoring_inline_asm
