../Core/Src/main.c:141:6:HAL_GPIO_EXTI_Falling_Callback	8	static
../Core/Src/main.c:176:6:HAL_GPIO_EXTI_Rising_Callback	0	static
../Core/Src/main.c:189:6:HAL_ADC_LevelOutOfWindowCallback	8	static
../Core/Src/main.c:518:6:SystemClock_Config	80	static,ignoring_inline_asm
../Core/Src/main.c:982:6:WriteTime	24	static
../Core/Src/main.c:1014:10:BatteryCharge	8	static
../Core/Src/main.c:1060:6:WriteBatteryCharge	16	static
../Core/Src/main.c:1140:6:DetectImpulse	8	static
../Core/Src/main.c:1178:6:CalculateSpeed	32	static
../Core/Src/main.c:1228:6:AntiRattlesnake_TIM16	8	static
../Core/Src/main.c:1069:6:ConfigTime	16	static,ignoring_inline_asm
../Core/Src/main.c:224:5:main	80	static,ignoring_inline_asm
../Core/Src/main.c:1236:6:CheckADC_or_Sleep	0	static
../Core/Src/main.c:1245:6:Error_Handler	0	static,ignoring_inline_asm
