../Core/Src/ssd1306.c:35:23:width	8	static
../Core/Src/ssd1306.c:36:23:height	8	static
../Core/Src/ssd1306.c:41:10:ssd1306_GetWidth	8	static
../Core/Src/ssd1306.c:47:10:ssd1306_GetHeight	8	static
../Core/Src/ssd1306.c:53:15:ssd1306_GetColor	8	static
../Core/Src/ssd1306.c:59:6:ssd1306_SetColor	16	static
../Core/Src/ssd1306.c:66:9:ssd1306_Init	8	static
../Core/Src/ssd1306.c:157:6:ssd1306_Fill	16	static
../Core/Src/ssd1306.c:173:6:ssd1306_UpdateScreen	24	static
../Core/Src/ssd1306.c:194:6:ssd1306_DrawPixel	40	static
../Core/Src/ssd1306.c:225:6:ssd1306_DrawLine	48	static
../Core/Src/ssd1306.c:281:6:ssd1306_DrawHorizontalLine	32	static
../Core/Src/ssd1306.c:334:6:ssd1306_DrawVerticalLine	40	static
../Core/Src/ssd1306.c:431:6:ssd1306_DrawRect	24	static
../Core/Src/ssd1306.c:440:6:ssd1306_FillRect	32	static
../Core/Src/ssd1306.c:449:6:ssd1306_DrawTriangle	32	static
../Core/Src/ssd1306.c:458:6:ssd1306_DrawFillTriangle	64	static
../Core/Src/ssd1306.c:533:6:ssd1306_DrawCircle	32	static
../Core/Src/ssd1306.c:565:6:ssd1306_FillCircle	32	static
../Core/Src/ssd1306.c:594:6:ssd1306_DrawCircleQuads	32	static
../Core/Src/ssd1306.c:644:6:ssd1306_DrawProgressBar	48	static
../Core/Src/ssd1306.c:677:6:ssd1306_DrawBitmap	32	static
../Core/Src/ssd1306.c:720:6:ssd1306_WriteChar	40	static
../Core/Src/ssd1306.c:766:6:ssd1306_WriteString	24	static
../Core/Src/ssd1306.c:791:6:ssd1306_SetCursor	16	static
../Core/Src/ssd1306.c:798:6:ssd1306_DisplayOn	8	static
../Core/Src/ssd1306.c:804:6:ssd1306_DisplayOff	8	static
../Core/Src/ssd1306.c:810:6:ssd1306_InvertDisplay	8	static
../Core/Src/ssd1306.c:816:6:ssd1306_NormalDisplay	8	static
../Core/Src/ssd1306.c:822:6:ssd1306_ResetOrientation	8	static
../Core/Src/ssd1306.c:829:6:ssd1306_FlipScreenVertically	8	static
../Core/Src/ssd1306.c:836:6:ssd1306_MirrorScreen	8	static
../Core/Src/ssd1306.c:843:6:ssd1306_Clear	8	static
../Core/Src/ssd1306.c:852:13:ssd1306_WriteCommand	32	static
../Core/Src/ssd1306.c:863:13:ssd1306_WriteData	32	static
