../Core/Src/stm32g0xx_it.c:86:6:NMI_Handler	0	static
../Core/Src/stm32g0xx_it.c:101:6:HardFault_Handler	0	static
../Core/Src/stm32g0xx_it.c:116:6:SVC_Handler	0	static
../Core/Src/stm32g0xx_it.c:129:6:PendSV_Handler	0	static
../Core/Src/stm32g0xx_it.c:142:6:SysTick_Handler	8	static
../Core/Src/stm32g0xx_it.c:163:6:EXTI0_1_IRQHandler	8	static
../Core/Src/stm32g0xx_it.c:177:6:EXTI4_15_IRQHandler	8	static
../Core/Src/stm32g0xx_it.c:194:6:DMA1_Channel1_IRQHandler	8	static
../Core/Src/stm32g0xx_it.c:208:6:ADC1_IRQHandler	8	static
../Core/Src/stm32g0xx_it.c:222:6:TIM3_IRQHandler	8	static
../Core/Src/stm32g0xx_it.c:259:6:TIM14_IRQHandler	8	static
../Core/Src/stm32g0xx_it.c:277:6:TIM16_IRQHandler	8	static
../Core/Src/stm32g0xx_it.c:296:6:TIM17_IRQHandler	8	static
