../Core/Src/stm32g0xx_it.c:85:6:NMI_Handler	0	static
../Core/Src/stm32g0xx_it.c:100:6:HardFault_Handler	0	static
../Core/Src/stm32g0xx_it.c:115:6:SVC_Handler	0	static
../Core/Src/stm32g0xx_it.c:128:6:PendSV_Handler	0	static
../Core/Src/stm32g0xx_it.c:141:6:SysTick_Handler	8	static
../Core/Src/stm32g0xx_it.c:162:6:EXTI0_1_IRQHandler	8	static
../Core/Src/stm32g0xx_it.c:176:6:EXTI4_15_IRQHandler	8	static
../Core/Src/stm32g0xx_it.c:193:6:DMA1_Channel1_IRQHandler	8	static
../Core/Src/stm32g0xx_it.c:207:6:ADC1_IRQHandler	8	static
../Core/Src/stm32g0xx_it.c:221:6:TIM3_IRQHandler	8	static
../Core/Src/stm32g0xx_it.c:243:6:TIM14_IRQHandler	8	static
../Core/Src/stm32g0xx_it.c:261:6:TIM16_IRQHandler	8	static
../Core/Src/stm32g0xx_it.c:280:6:TIM17_IRQHandler	8	static
