10:39:47 **** Incremental Build of configuration Debug for project Smart_Speedometr ****
make -j7 all 
arm-none-eabi-gcc "../Core/Src/main.c" -mcpu=cortex-m0plus -std=gnu11 -g3 -DDEBUG -DUSE_HAL_DRIVER -DSTM32G030xx -c -I../Core/Inc -I../Drivers/STM32G0xx_HAL_Driver/Inc -I../Drivers/STM32G0xx_HAL_Driver/Inc/Legacy -I../Drivers/CMSIS/Device/ST/STM32G0xx/Include -I../Drivers/CMSIS/Include -O1 -ffunction-sections -fdata-sections -Wall -fstack-usage -fcyclomatic-complexity -MMD -MP -MF"Core/Src/main.d" -MT"Core/Src/main.o" --specs=nano.specs -mfloat-abi=soft -mthumb -o "Core/Src/main.o"
../Core/Src/main.c: In function 'main':
../Core/Src/main.c:272:10: warning: implicit declaration of function 'snprintf' [-Wimplicit-function-declaration]
  272 |          snprintf(buf, sizeof(buf), "%d.%d kh/h", real_speed1, real_speed2);
      |          ^~~~~~~~
../Core/Src/main.c:25:1: note: include '<stdio.h>' or provide a declaration of 'snprintf'
   24 | #include "ssd1306.h"
  +++ |+#include <stdio.h>
   25 | /* USER CODE END Includes */
../Core/Src/main.c:272:10: warning: incompatible implicit declaration of built-in function 'snprintf' [-Wbuiltin-declaration-mismatch]
  272 |          snprintf(buf, sizeof(buf), "%d.%d kh/h", real_speed1, real_speed2);
      |          ^~~~~~~~
../Core/Src/main.c:272:10: note: include '<stdio.h>' or provide a declaration of 'snprintf'
../Core/Src/main.c:277:9: warning: incompatible implicit declaration of built-in function 'snprintf' [-Wbuiltin-declaration-mismatch]
  277 |         snprintf(buf, sizeof(buf), "0 kh/h");
      |         ^~~~~~~~
../Core/Src/main.c:277:9: note: include '<stdio.h>' or provide a declaration of 'snprintf'
../Core/Src/main.c:305:17: warning: implicit declaration of function 'sprintf' [-Wimplicit-function-declaration]
  305 |                 sprintf(buf, "Set time");
      |                 ^~~~~~~
../Core/Src/main.c:305:17: note: include '<stdio.h>' or provide a declaration of 'sprintf'
../Core/Src/main.c:305:17: warning: incompatible implicit declaration of built-in function 'sprintf' [-Wbuiltin-declaration-mismatch]
../Core/Src/main.c:305:17: note: include '<stdio.h>' or provide a declaration of 'sprintf'
../Core/Src/main.c:372:17: warning: incompatible implicit declaration of built-in function 'sprintf' [-Wbuiltin-declaration-mismatch]
  372 |                 sprintf(buf, "Wheel");
      |                 ^~~~~~~
../Core/Src/main.c:372:17: note: include '<stdio.h>' or provide a declaration of 'sprintf'
../Core/Src/main.c: In function 'WriteTime':
../Core/Src/main.c:893:27: warning: incompatible implicit declaration of built-in function 'sprintf' [-Wbuiltin-declaration-mismatch]
  893 |                           sprintf(buf, "0%d:0%d:0%d", sTime.Hours, sTime.Minutes, sTime.Seconds);
      |                           ^~~~~~~
../Core/Src/main.c:893:27: note: include '<stdio.h>' or provide a declaration of 'sprintf'
../Core/Src/main.c:896:27: warning: incompatible implicit declaration of built-in function 'sprintf' [-Wbuiltin-declaration-mismatch]
  896 |                           sprintf(buf, "%d:0%d:0%d", sTime.Hours, sTime.Minutes, sTime.Seconds);
      |                           ^~~~~~~
../Core/Src/main.c:896:27: note: include '<stdio.h>' or provide a declaration of 'sprintf'
../Core/Src/main.c:899:27: warning: incompatible implicit declaration of built-in function 'sprintf' [-Wbuiltin-declaration-mismatch]
  899 |                           sprintf(buf, "0%d:%d:0%d", sTime.Hours, sTime.Minutes, sTime.Seconds);
      |                           ^~~~~~~
../Core/Src/main.c:899:27: note: include '<stdio.h>' or provide a declaration of 'sprintf'
../Core/Src/main.c:902:27: warning: incompatible implicit declaration of built-in function 'sprintf' [-Wbuiltin-declaration-mismatch]
  902 |                           sprintf(buf, "0%d:0%d:%d", sTime.Hours, sTime.Minutes, sTime.Seconds);
      |                           ^~~~~~~
../Core/Src/main.c:902:27: note: include '<stdio.h>' or provide a declaration of 'sprintf'
../Core/Src/main.c:905:27: warning: incompatible implicit declaration of built-in function 'sprintf' [-Wbuiltin-declaration-mismatch]
  905 |                           sprintf(buf, "%d:%d:0%d", sTime.Hours, sTime.Minutes, sTime.Seconds);
      |                           ^~~~~~~
../Core/Src/main.c:905:27: note: include '<stdio.h>' or provide a declaration of 'sprintf'
../Core/Src/main.c:908:27: warning: incompatible implicit declaration of built-in function 'sprintf' [-Wbuiltin-declaration-mismatch]
  908 |                           sprintf(buf, "%d:0%d:%d", sTime.Hours, sTime.Minutes, sTime.Seconds);
      |                           ^~~~~~~
../Core/Src/main.c:908:27: note: include '<stdio.h>' or provide a declaration of 'sprintf'
../Core/Src/main.c:911:27: warning: incompatible implicit declaration of built-in function 'sprintf' [-Wbuiltin-declaration-mismatch]
  911 |                           sprintf(buf, "0%d:%d:%d", sTime.Hours, sTime.Minutes, sTime.Seconds);
      |                           ^~~~~~~
../Core/Src/main.c:911:27: note: include '<stdio.h>' or provide a declaration of 'sprintf'
../Core/Src/main.c:913:27: warning: incompatible implicit declaration of built-in function 'sprintf' [-Wbuiltin-declaration-mismatch]
  913 |                           sprintf(buf, "%d:%d:%d", sTime.Hours, sTime.Minutes, sTime.Seconds);
      |                           ^~~~~~~
../Core/Src/main.c:913:27: note: include '<stdio.h>' or provide a declaration of 'sprintf'
../Core/Src/main.c: In function 'WriteBatteryCharge':
../Core/Src/main.c:947:18: warning: incompatible implicit declaration of built-in function 'sprintf' [-Wbuiltin-declaration-mismatch]
  947 |                  sprintf(buf, "%d", adc[0]);
      |                  ^~~~~~~
../Core/Src/main.c:947:18: note: include '<stdio.h>' or provide a declaration of 'sprintf'
../Core/Src/main.c: In function 'ConfigTime':
../Core/Src/main.c:955:51: warning: incompatible implicit declaration of built-in function 'sprintf' [-Wbuiltin-declaration-mismatch]
  955 |                                                   sprintf(buf, "0%d:0%d:0%d", sTime.Hours, sTime.Minutes, sTime.Seconds);
      |                                                   ^~~~~~~
../Core/Src/main.c:955:51: note: include '<stdio.h>' or provide a declaration of 'sprintf'
../Core/Src/main.c:958:51: warning: incompatible implicit declaration of built-in function 'sprintf' [-Wbuiltin-declaration-mismatch]
  958 |                                                   sprintf(buf, "%d:0%d:0%d", sTime.Hours, sTime.Minutes, sTime.Seconds);
      |                                                   ^~~~~~~
../Core/Src/main.c:958:51: note: include '<stdio.h>' or provide a declaration of 'sprintf'
../Core/Src/main.c:961:51: warning: incompatible implicit declaration of built-in function 'sprintf' [-Wbuiltin-declaration-mismatch]
  961 |                                                   sprintf(buf, "0%d:%d:0%d", sTime.Hours, sTime.Minutes, sTime.Seconds);
      |                                                   ^~~~~~~
../Core/Src/main.c:961:51: note: include '<stdio.h>' or provide a declaration of 'sprintf'
../Core/Src/main.c:964:51: warning: incompatible implicit declaration of built-in function 'sprintf' [-Wbuiltin-declaration-mismatch]
  964 |                                                   sprintf(buf, "0%d:0%d:%d", sTime.Hours, sTime.Minutes, sTime.Seconds);
      |                                                   ^~~~~~~
../Core/Src/main.c:964:51: note: include '<stdio.h>' or provide a declaration of 'sprintf'
../Core/Src/main.c:967:51: warning: incompatible implicit declaration of built-in function 'sprintf' [-Wbuiltin-declaration-mismatch]
  967 |                                                   sprintf(buf, "%d:%d:0%d", sTime.Hours, sTime.Minutes, sTime.Seconds);
      |                                                   ^~~~~~~
../Core/Src/main.c:967:51: note: include '<stdio.h>' or provide a declaration of 'sprintf'
../Core/Src/main.c:970:51: warning: incompatible implicit declaration of built-in function 'sprintf' [-Wbuiltin-declaration-mismatch]
  970 |                                                   sprintf(buf, "%d:0%d:%d", sTime.Hours, sTime.Minutes, sTime.Seconds);
      |                                                   ^~~~~~~
../Core/Src/main.c:970:51: note: include '<stdio.h>' or provide a declaration of 'sprintf'
../Core/Src/main.c:973:51: warning: incompatible implicit declaration of built-in function 'sprintf' [-Wbuiltin-declaration-mismatch]
  973 |                                                   sprintf(buf, "0%d:%d:%d", sTime.Hours, sTime.Minutes, sTime.Seconds);
      |                                                   ^~~~~~~
../Core/Src/main.c:973:51: note: include '<stdio.h>' or provide a declaration of 'sprintf'
../Core/Src/main.c:975:51: warning: incompatible implicit declaration of built-in function 'sprintf' [-Wbuiltin-declaration-mismatch]
  975 |                                                   sprintf(buf, "%d:%d:%d", sTime.Hours, sTime.Minutes, sTime.Seconds);
      |                                                   ^~~~~~~
../Core/Src/main.c:975:51: note: include '<stdio.h>' or provide a declaration of 'sprintf'
arm-none-eabi-gcc -o "Smart_Speedometr.elf" @"objects.list"   -mcpu=cortex-m0plus -T"/Users/admin/Desktop/SmartSpeedometr/Smart_Speedometr/STM32G030F6PX_FLASH.ld" --specs=nosys.specs -Wl,-Map="Smart_Speedometr.map" -Wl,--gc-sections -static --specs=nano.specs -mfloat-abi=soft -mthumb -Wl,--start-group -lc -lm -Wl,--end-group
Finished building target: Smart_Speedometr.elf
 
arm-none-eabi-size  Smart_Speedometr.elf 
arm-none-eabi-objdump -h -S Smart_Speedometr.elf  > "Smart_Speedometr.list"
   text	   data	    bss	    dec	    hex	filename
  28632	    116	   3628	  32376	   7e78	Smart_Speedometr.elf
Finished building: default.size.stdout
 
Finished building: Smart_Speedometr.list
 
10:39:50 **** Incremental Build of configuration Debug for project Smart_Speedometr ****
make -j7 all 
arm-none-eabi-size  Smart_Speedometr.elf 
   text	   data	    bss	    dec	    hex	filename
  28632	    116	   3628	  32376	   7e78	Smart_Speedometr.elf
Finished building: default.size.stdout
 
10:45:01 **** Incremental Build of configuration Debug for project Smart_Speedometr ****
make -j7 all 
arm-none-eabi-gcc "../Core/Src/main.c" -mcpu=cortex-m0plus -std=gnu11 -g3 -DDEBUG -DUSE_HAL_DRIVER -DSTM32G030xx -c -I../Core/Inc -I../Drivers/STM32G0xx_HAL_Driver/Inc -I../Drivers/STM32G0xx_HAL_Driver/Inc/Legacy -I../Drivers/CMSIS/Device/ST/STM32G0xx/Include -I../Drivers/CMSIS/Include -O1 -ffunction-sections -fdata-sections -Wall -fstack-usage -fcyclomatic-complexity -MMD -MP -MF"Core/Src/main.d" -MT"Core/Src/main.o" --specs=nano.specs -mfloat-abi=soft -mthumb -o "Core/Src/main.o"
../Core/Src/main.c: In function 'main':
../Core/Src/main.c:275:10: warning: implicit declaration of function 'snprintf' [-Wimplicit-function-declaration]
  275 |          snprintf(buf, sizeof(buf), "%d.%d kh/h", real_speed1, real_speed2);
      |          ^~~~~~~~
../Core/Src/main.c:25:1: note: include '<stdio.h>' or provide a declaration of 'snprintf'
   24 | #include "ssd1306.h"
  +++ |+#include <stdio.h>
   25 | /* USER CODE END Includes */
../Core/Src/main.c:275:10: warning: incompatible implicit declaration of built-in function 'snprintf' [-Wbuiltin-declaration-mismatch]
  275 |          snprintf(buf, sizeof(buf), "%d.%d kh/h", real_speed1, real_speed2);
      |          ^~~~~~~~
../Core/Src/main.c:275:10: note: include '<stdio.h>' or provide a declaration of 'snprintf'
../Core/Src/main.c:280:9: warning: incompatible implicit declaration of built-in function 'snprintf' [-Wbuiltin-declaration-mismatch]
  280 |         snprintf(buf, sizeof(buf), "0 kh/h");
      |         ^~~~~~~~
../Core/Src/main.c:280:9: note: include '<stdio.h>' or provide a declaration of 'snprintf'
../Core/Src/main.c:308:17: warning: implicit declaration of function 'sprintf' [-Wimplicit-function-declaration]
  308 |                 sprintf(buf, "Set time");
      |                 ^~~~~~~
../Core/Src/main.c:308:17: note: include '<stdio.h>' or provide a declaration of 'sprintf'
../Core/Src/main.c:308:17: warning: incompatible implicit declaration of built-in function 'sprintf' [-Wbuiltin-declaration-mismatch]
../Core/Src/main.c:308:17: note: include '<stdio.h>' or provide a declaration of 'sprintf'
../Core/Src/main.c:375:17: warning: incompatible implicit declaration of built-in function 'sprintf' [-Wbuiltin-declaration-mismatch]
  375 |                 sprintf(buf, "Wheel");
      |                 ^~~~~~~
../Core/Src/main.c:375:17: note: include '<stdio.h>' or provide a declaration of 'sprintf'
../Core/Src/main.c: In function 'WriteTime':
../Core/Src/main.c:896:27: warning: incompatible implicit declaration of built-in function 'sprintf' [-Wbuiltin-declaration-mismatch]
  896 |                           sprintf(buf, "0%d:0%d:0%d", sTime.Hours, sTime.Minutes, sTime.Seconds);
      |                           ^~~~~~~
../Core/Src/main.c:896:27: note: include '<stdio.h>' or provide a declaration of 'sprintf'
../Core/Src/main.c:899:27: warning: incompatible implicit declaration of built-in function 'sprintf' [-Wbuiltin-declaration-mismatch]
  899 |                           sprintf(buf, "%d:0%d:0%d", sTime.Hours, sTime.Minutes, sTime.Seconds);
      |                           ^~~~~~~
../Core/Src/main.c:899:27: note: include '<stdio.h>' or provide a declaration of 'sprintf'
../Core/Src/main.c:902:27: warning: incompatible implicit declaration of built-in function 'sprintf' [-Wbuiltin-declaration-mismatch]
  902 |                           sprintf(buf, "0%d:%d:0%d", sTime.Hours, sTime.Minutes, sTime.Seconds);
      |                           ^~~~~~~
../Core/Src/main.c:902:27: note: include '<stdio.h>' or provide a declaration of 'sprintf'
../Core/Src/main.c:905:27: warning: incompatible implicit declaration of built-in function 'sprintf' [-Wbuiltin-declaration-mismatch]
  905 |                           sprintf(buf, "0%d:0%d:%d", sTime.Hours, sTime.Minutes, sTime.Seconds);
      |                           ^~~~~~~
../Core/Src/main.c:905:27: note: include '<stdio.h>' or provide a declaration of 'sprintf'
../Core/Src/main.c:908:27: warning: incompatible implicit declaration of built-in function 'sprintf' [-Wbuiltin-declaration-mismatch]
  908 |                           sprintf(buf, "%d:%d:0%d", sTime.Hours, sTime.Minutes, sTime.Seconds);
      |                           ^~~~~~~
../Core/Src/main.c:908:27: note: include '<stdio.h>' or provide a declaration of 'sprintf'
../Core/Src/main.c:911:27: warning: incompatible implicit declaration of built-in function 'sprintf' [-Wbuiltin-declaration-mismatch]
  911 |                           sprintf(buf, "%d:0%d:%d", sTime.Hours, sTime.Minutes, sTime.Seconds);
      |                           ^~~~~~~
../Core/Src/main.c:911:27: note: include '<stdio.h>' or provide a declaration of 'sprintf'
../Core/Src/main.c:914:27: warning: incompatible implicit declaration of built-in function 'sprintf' [-Wbuiltin-declaration-mismatch]
  914 |                           sprintf(buf, "0%d:%d:%d", sTime.Hours, sTime.Minutes, sTime.Seconds);
      |                           ^~~~~~~
../Core/Src/main.c:914:27: note: include '<stdio.h>' or provide a declaration of 'sprintf'
../Core/Src/main.c:916:27: warning: incompatible implicit declaration of built-in function 'sprintf' [-Wbuiltin-declaration-mismatch]
  916 |                           sprintf(buf, "%d:%d:%d", sTime.Hours, sTime.Minutes, sTime.Seconds);
      |                           ^~~~~~~
../Core/Src/main.c:916:27: note: include '<stdio.h>' or provide a declaration of 'sprintf'
../Core/Src/main.c: In function 'WriteBatteryCharge':
../Core/Src/main.c:950:18: warning: incompatible implicit declaration of built-in function 'sprintf' [-Wbuiltin-declaration-mismatch]
  950 |                  sprintf(buf, "%d", adc[0]);
      |                  ^~~~~~~
../Core/Src/main.c:950:18: note: include '<stdio.h>' or provide a declaration of 'sprintf'
../Core/Src/main.c: In function 'ConfigTime':
../Core/Src/main.c:958:51: warning: incompatible implicit declaration of built-in function 'sprintf' [-Wbuiltin-declaration-mismatch]
  958 |                                                   sprintf(buf, "0%d:0%d:0%d", sTime.Hours, sTime.Minutes, sTime.Seconds);
      |                                                   ^~~~~~~
../Core/Src/main.c:958:51: note: include '<stdio.h>' or provide a declaration of 'sprintf'
../Core/Src/main.c:961:51: warning: incompatible implicit declaration of built-in function 'sprintf' [-Wbuiltin-declaration-mismatch]
  961 |                                                   sprintf(buf, "%d:0%d:0%d", sTime.Hours, sTime.Minutes, sTime.Seconds);
      |                                                   ^~~~~~~
../Core/Src/main.c:961:51: note: include '<stdio.h>' or provide a declaration of 'sprintf'
../Core/Src/main.c:964:51: warning: incompatible implicit declaration of built-in function 'sprintf' [-Wbuiltin-declaration-mismatch]
  964 |                                                   sprintf(buf, "0%d:%d:0%d", sTime.Hours, sTime.Minutes, sTime.Seconds);
      |                                                   ^~~~~~~
../Core/Src/main.c:964:51: note: include '<stdio.h>' or provide a declaration of 'sprintf'
../Core/Src/main.c:967:51: warning: incompatible implicit declaration of built-in function 'sprintf' [-Wbuiltin-declaration-mismatch]
  967 |                                                   sprintf(buf, "0%d:0%d:%d", sTime.Hours, sTime.Minutes, sTime.Seconds);
      |                                                   ^~~~~~~
../Core/Src/main.c:967:51: note: include '<stdio.h>' or provide a declaration of 'sprintf'
../Core/Src/main.c:970:51: warning: incompatible implicit declaration of built-in function 'sprintf' [-Wbuiltin-declaration-mismatch]
  970 |                                                   sprintf(buf, "%d:%d:0%d", sTime.Hours, sTime.Minutes, sTime.Seconds);
      |                                                   ^~~~~~~
../Core/Src/main.c:970:51: note: include '<stdio.h>' or provide a declaration of 'sprintf'
../Core/Src/main.c:973:51: warning: incompatible implicit declaration of built-in function 'sprintf' [-Wbuiltin-declaration-mismatch]
  973 |                                                   sprintf(buf, "%d:0%d:%d", sTime.Hours, sTime.Minutes, sTime.Seconds);
      |                                                   ^~~~~~~
../Core/Src/main.c:973:51: note: include '<stdio.h>' or provide a declaration of 'sprintf'
../Core/Src/main.c:976:51: warning: incompatible implicit declaration of built-in function 'sprintf' [-Wbuiltin-declaration-mismatch]
  976 |                                                   sprintf(buf, "0%d:%d:%d", sTime.Hours, sTime.Minutes, sTime.Seconds);
      |                                                   ^~~~~~~
../Core/Src/main.c:976:51: note: include '<stdio.h>' or provide a declaration of 'sprintf'
../Core/Src/main.c:978:51: warning: incompatible implicit declaration of built-in function 'sprintf' [-Wbuiltin-declaration-mismatch]
  978 |                                                   sprintf(buf, "%d:%d:%d", sTime.Hours, sTime.Minutes, sTime.Seconds);
      |                                                   ^~~~~~~
../Core/Src/main.c:978:51: note: include '<stdio.h>' or provide a declaration of 'sprintf'
arm-none-eabi-gcc -o "Smart_Speedometr.elf" @"objects.list"   -mcpu=cortex-m0plus -T"/Users/admin/Desktop/SmartSpeedometr/Smart_Speedometr/STM32G030F6PX_FLASH.ld" --specs=nosys.specs -Wl,-Map="Smart_Speedometr.map" -Wl,--gc-sections -static --specs=nano.specs -mfloat-abi=soft -mthumb -Wl,--start-group -lc -lm -Wl,--end-group
Finished building target: Smart_Speedometr.elf
 
arm-none-eabi-size  Smart_Speedometr.elf 
arm-none-eabi-objdump -h -S Smart_Speedometr.elf  > "Smart_Speedometr.list"
   text	   data	    bss	    dec	    hex	filename
  28644	    116	   3628	  32388	   7e84	Smart_Speedometr.elf
Finished building: default.size.stdout
 
Finished building: Smart_Speedometr.list
 
10:45:12 **** Incremental Build of configuration Debug for project Smart_Speedometr ****
make -j7 all 
arm-none-eabi-size  Smart_Speedometr.elf 
   text	   data	    bss	    dec	    hex	filename
  28644	    116	   3628	  32388	   7e84	Smart_Speedometr.elf
Finished building: default.size.stdout
 
10:46:30 **** Incremental Build of configuration Debug for project Smart_Speedometr ****
make -j7 all 
arm-none-eabi-gcc "../Core/Src/main.c" -mcpu=cortex-m0plus -std=gnu11 -g3 -DDEBUG -DUSE_HAL_DRIVER -DSTM32G030xx -c -I../Core/Inc -I../Drivers/STM32G0xx_HAL_Driver/Inc -I../Drivers/STM32G0xx_HAL_Driver/Inc/Legacy -I../Drivers/CMSIS/Device/ST/STM32G0xx/Include -I../Drivers/CMSIS/Include -O1 -ffunction-sections -fdata-sections -Wall -fstack-usage -fcyclomatic-complexity -MMD -MP -MF"Core/Src/main.d" -MT"Core/Src/main.o" --specs=nano.specs -mfloat-abi=soft -mthumb -o "Core/Src/main.o"
../Core/Src/main.c: In function 'main':
../Core/Src/main.c:275:10: warning: implicit declaration of function 'snprintf' [-Wimplicit-function-declaration]
  275 |          snprintf(buf, sizeof(buf), "%d.%d kh/h", real_speed1, real_speed2);
      |          ^~~~~~~~
../Core/Src/main.c:25:1: note: include '<stdio.h>' or provide a declaration of 'snprintf'
   24 | #include "ssd1306.h"
  +++ |+#include <stdio.h>
   25 | /* USER CODE END Includes */
../Core/Src/main.c:275:10: warning: incompatible implicit declaration of built-in function 'snprintf' [-Wbuiltin-declaration-mismatch]
  275 |          snprintf(buf, sizeof(buf), "%d.%d kh/h", real_speed1, real_speed2);
      |          ^~~~~~~~
../Core/Src/main.c:275:10: note: include '<stdio.h>' or provide a declaration of 'snprintf'
../Core/Src/main.c:280:9: warning: incompatible implicit declaration of built-in function 'snprintf' [-Wbuiltin-declaration-mismatch]
  280 |         snprintf(buf, sizeof(buf), "0 kh/h");
      |         ^~~~~~~~
../Core/Src/main.c:280:9: note: include '<stdio.h>' or provide a declaration of 'snprintf'
../Core/Src/main.c:308:17: warning: implicit declaration of function 'sprintf' [-Wimplicit-function-declaration]
  308 |                 sprintf(buf, "Set time");
      |                 ^~~~~~~
../Core/Src/main.c:308:17: note: include '<stdio.h>' or provide a declaration of 'sprintf'
../Core/Src/main.c:308:17: warning: incompatible implicit declaration of built-in function 'sprintf' [-Wbuiltin-declaration-mismatch]
../Core/Src/main.c:308:17: note: include '<stdio.h>' or provide a declaration of 'sprintf'
../Core/Src/main.c:375:17: warning: incompatible implicit declaration of built-in function 'sprintf' [-Wbuiltin-declaration-mismatch]
  375 |                 sprintf(buf, "Wheel");
      |                 ^~~~~~~
../Core/Src/main.c:375:17: note: include '<stdio.h>' or provide a declaration of 'sprintf'
../Core/Src/main.c: In function 'WriteTime':
../Core/Src/main.c:896:27: warning: incompatible implicit declaration of built-in function 'sprintf' [-Wbuiltin-declaration-mismatch]
  896 |                           sprintf(buf, "0%d:0%d:0%d", sTime.Hours, sTime.Minutes, sTime.Seconds);
      |                           ^~~~~~~
../Core/Src/main.c:896:27: note: include '<stdio.h>' or provide a declaration of 'sprintf'
../Core/Src/main.c:899:27: warning: incompatible implicit declaration of built-in function 'sprintf' [-Wbuiltin-declaration-mismatch]
  899 |                           sprintf(buf, "%d:0%d:0%d", sTime.Hours, sTime.Minutes, sTime.Seconds);
      |                           ^~~~~~~
../Core/Src/main.c:899:27: note: include '<stdio.h>' or provide a declaration of 'sprintf'
../Core/Src/main.c:902:27: warning: incompatible implicit declaration of built-in function 'sprintf' [-Wbuiltin-declaration-mismatch]
  902 |                           sprintf(buf, "0%d:%d:0%d", sTime.Hours, sTime.Minutes, sTime.Seconds);
      |                           ^~~~~~~
../Core/Src/main.c:902:27: note: include '<stdio.h>' or provide a declaration of 'sprintf'
../Core/Src/main.c:905:27: warning: incompatible implicit declaration of built-in function 'sprintf' [-Wbuiltin-declaration-mismatch]
  905 |                           sprintf(buf, "0%d:0%d:%d", sTime.Hours, sTime.Minutes, sTime.Seconds);
      |                           ^~~~~~~
../Core/Src/main.c:905:27: note: include '<stdio.h>' or provide a declaration of 'sprintf'
../Core/Src/main.c:908:27: warning: incompatible implicit declaration of built-in function 'sprintf' [-Wbuiltin-declaration-mismatch]
  908 |                           sprintf(buf, "%d:%d:0%d", sTime.Hours, sTime.Minutes, sTime.Seconds);
      |                           ^~~~~~~
../Core/Src/main.c:908:27: note: include '<stdio.h>' or provide a declaration of 'sprintf'
../Core/Src/main.c:911:27: warning: incompatible implicit declaration of built-in function 'sprintf' [-Wbuiltin-declaration-mismatch]
  911 |                           sprintf(buf, "%d:0%d:%d", sTime.Hours, sTime.Minutes, sTime.Seconds);
      |                           ^~~~~~~
../Core/Src/main.c:911:27: note: include '<stdio.h>' or provide a declaration of 'sprintf'
../Core/Src/main.c:914:27: warning: incompatible implicit declaration of built-in function 'sprintf' [-Wbuiltin-declaration-mismatch]
  914 |                           sprintf(buf, "0%d:%d:%d", sTime.Hours, sTime.Minutes, sTime.Seconds);
      |                           ^~~~~~~
../Core/Src/main.c:914:27: note: include '<stdio.h>' or provide a declaration of 'sprintf'
../Core/Src/main.c:916:27: warning: incompatible implicit declaration of built-in function 'sprintf' [-Wbuiltin-declaration-mismatch]
  916 |                           sprintf(buf, "%d:%d:%d", sTime.Hours, sTime.Minutes, sTime.Seconds);
      |                           ^~~~~~~
../Core/Src/main.c:916:27: note: include '<stdio.h>' or provide a declaration of 'sprintf'
../Core/Src/main.c: In function 'WriteBatteryCharge':
../Core/Src/main.c:950:18: warning: incompatible implicit declaration of built-in function 'sprintf' [-Wbuiltin-declaration-mismatch]
  950 |                  sprintf(buf, "%d", adc[0]);
      |                  ^~~~~~~
../Core/Src/main.c:950:18: note: include '<stdio.h>' or provide a declaration of 'sprintf'
../Core/Src/main.c: In function 'ConfigTime':
../Core/Src/main.c:958:51: warning: incompatible implicit declaration of built-in function 'sprintf' [-Wbuiltin-declaration-mismatch]
  958 |                                                   sprintf(buf, "0%d:0%d:0%d", sTime.Hours, sTime.Minutes, sTime.Seconds);
      |                                                   ^~~~~~~
../Core/Src/main.c:958:51: note: include '<stdio.h>' or provide a declaration of 'sprintf'
../Core/Src/main.c:961:51: warning: incompatible implicit declaration of built-in function 'sprintf' [-Wbuiltin-declaration-mismatch]
  961 |                                                   sprintf(buf, "%d:0%d:0%d", sTime.Hours, sTime.Minutes, sTime.Seconds);
      |                                                   ^~~~~~~
../Core/Src/main.c:961:51: note: include '<stdio.h>' or provide a declaration of 'sprintf'
../Core/Src/main.c:964:51: warning: incompatible implicit declaration of built-in function 'sprintf' [-Wbuiltin-declaration-mismatch]
  964 |                                                   sprintf(buf, "0%d:%d:0%d", sTime.Hours, sTime.Minutes, sTime.Seconds);
      |                                                   ^~~~~~~
../Core/Src/main.c:964:51: note: include '<stdio.h>' or provide a declaration of 'sprintf'
../Core/Src/main.c:967:51: warning: incompatible implicit declaration of built-in function 'sprintf' [-Wbuiltin-declaration-mismatch]
  967 |                                                   sprintf(buf, "0%d:0%d:%d", sTime.Hours, sTime.Minutes, sTime.Seconds);
      |                                                   ^~~~~~~
../Core/Src/main.c:967:51: note: include '<stdio.h>' or provide a declaration of 'sprintf'
../Core/Src/main.c:970:51: warning: incompatible implicit declaration of built-in function 'sprintf' [-Wbuiltin-declaration-mismatch]
  970 |                                                   sprintf(buf, "%d:%d:0%d", sTime.Hours, sTime.Minutes, sTime.Seconds);
      |                                                   ^~~~~~~
../Core/Src/main.c:970:51: note: include '<stdio.h>' or provide a declaration of 'sprintf'
../Core/Src/main.c:973:51: warning: incompatible implicit declaration of built-in function 'sprintf' [-Wbuiltin-declaration-mismatch]
  973 |                                                   sprintf(buf, "%d:0%d:%d", sTime.Hours, sTime.Minutes, sTime.Seconds);
      |                                                   ^~~~~~~
../Core/Src/main.c:973:51: note: include '<stdio.h>' or provide a declaration of 'sprintf'
../Core/Src/main.c:976:51: warning: incompatible implicit declaration of built-in function 'sprintf' [-Wbuiltin-declaration-mismatch]
  976 |                                                   sprintf(buf, "0%d:%d:%d", sTime.Hours, sTime.Minutes, sTime.Seconds);
      |                                                   ^~~~~~~
../Core/Src/main.c:976:51: note: include '<stdio.h>' or provide a declaration of 'sprintf'
../Core/Src/main.c:978:51: warning: incompatible implicit declaration of built-in function 'sprintf' [-Wbuiltin-declaration-mismatch]
  978 |                                                   sprintf(buf, "%d:%d:%d", sTime.Hours, sTime.Minutes, sTime.Seconds);
      |                                                   ^~~~~~~
../Core/Src/main.c:978:51: note: include '<stdio.h>' or provide a declaration of 'sprintf'
arm-none-eabi-gcc -o "Smart_Speedometr.elf" @"objects.list"   -mcpu=cortex-m0plus -T"/Users/admin/Desktop/SmartSpeedometr/Smart_Speedometr/STM32G030F6PX_FLASH.ld" --specs=nosys.specs -Wl,-Map="Smart_Speedometr.map" -Wl,--gc-sections -static --specs=nano.specs -mfloat-abi=soft -mthumb -Wl,--start-group -lc -lm -Wl,--end-group
Finished building target: Smart_Speedometr.elf
 
arm-none-eabi-size  Smart_Speedometr.elf 
arm-none-eabi-objdump -h -S Smart_Speedometr.elf  > "Smart_Speedometr.list"
   text	   data	    bss	    dec	    hex	filename
  28648	    116	   3628	  32392	   7e88	Smart_Speedometr.elf
Finished building: default.size.stdout
 
Finished building: Smart_Speedometr.list
 
10:48:46 **** Incremental Build of configuration Debug for project Smart_Speedometr ****
make -j7 all 
arm-none-eabi-size  Smart_Speedometr.elf 
   text	   data	    bss	    dec	    hex	filename
  28648	    116	   3628	  32392	   7e88	Smart_Speedometr.elf
Finished building: default.size.stdout
 
10:52:11 **** Incremental Build of configuration Debug for project Smart_Speedometr ****
make -j7 all 
arm-none-eabi-gcc "../Core/Src/main.c" -mcpu=cortex-m0plus -std=gnu11 -g3 -DDEBUG -DUSE_HAL_DRIVER -DSTM32G030xx -c -I../Core/Inc -I../Drivers/STM32G0xx_HAL_Driver/Inc -I../Drivers/STM32G0xx_HAL_Driver/Inc/Legacy -I../Drivers/CMSIS/Device/ST/STM32G0xx/Include -I../Drivers/CMSIS/Include -O1 -ffunction-sections -fdata-sections -Wall -fstack-usage -fcyclomatic-complexity -MMD -MP -MF"Core/Src/main.d" -MT"Core/Src/main.o" --specs=nano.specs -mfloat-abi=soft -mthumb -o "Core/Src/main.o"
../Core/Src/main.c: In function 'main':
../Core/Src/main.c:275:10: warning: implicit declaration of function 'snprintf' [-Wimplicit-function-declaration]
  275 |          snprintf(buf, sizeof(buf), "%d.%d kh/h", real_speed1, real_speed2);
      |          ^~~~~~~~
../Core/Src/main.c:25:1: note: include '<stdio.h>' or provide a declaration of 'snprintf'
   24 | #include "ssd1306.h"
  +++ |+#include <stdio.h>
   25 | /* USER CODE END Includes */
../Core/Src/main.c:275:10: warning: incompatible implicit declaration of built-in function 'snprintf' [-Wbuiltin-declaration-mismatch]
  275 |          snprintf(buf, sizeof(buf), "%d.%d kh/h", real_speed1, real_speed2);
      |          ^~~~~~~~
../Core/Src/main.c:275:10: note: include '<stdio.h>' or provide a declaration of 'snprintf'
../Core/Src/main.c:280:9: warning: incompatible implicit declaration of built-in function 'snprintf' [-Wbuiltin-declaration-mismatch]
  280 |         snprintf(buf, sizeof(buf), "0 kh/h");
      |         ^~~~~~~~
../Core/Src/main.c:280:9: note: include '<stdio.h>' or provide a declaration of 'snprintf'
../Core/Src/main.c:308:17: warning: implicit declaration of function 'sprintf' [-Wimplicit-function-declaration]
  308 |                 sprintf(buf, "Set time");
      |                 ^~~~~~~
../Core/Src/main.c:308:17: note: include '<stdio.h>' or provide a declaration of 'sprintf'
../Core/Src/main.c:308:17: warning: incompatible implicit declaration of built-in function 'sprintf' [-Wbuiltin-declaration-mismatch]
../Core/Src/main.c:308:17: note: include '<stdio.h>' or provide a declaration of 'sprintf'
../Core/Src/main.c:375:17: warning: incompatible implicit declaration of built-in function 'sprintf' [-Wbuiltin-declaration-mismatch]
  375 |                 sprintf(buf, "Wheel");
      |                 ^~~~~~~
../Core/Src/main.c:375:17: note: include '<stdio.h>' or provide a declaration of 'sprintf'
../Core/Src/main.c: In function 'WriteTime':
../Core/Src/main.c:896:27: warning: incompatible implicit declaration of built-in function 'sprintf' [-Wbuiltin-declaration-mismatch]
  896 |                           sprintf(buf, "0%d:0%d:0%d", sTime.Hours, sTime.Minutes, sTime.Seconds);
      |                           ^~~~~~~
../Core/Src/main.c:896:27: note: include '<stdio.h>' or provide a declaration of 'sprintf'
../Core/Src/main.c:899:27: warning: incompatible implicit declaration of built-in function 'sprintf' [-Wbuiltin-declaration-mismatch]
  899 |                           sprintf(buf, "%d:0%d:0%d", sTime.Hours, sTime.Minutes, sTime.Seconds);
      |                           ^~~~~~~
../Core/Src/main.c:899:27: note: include '<stdio.h>' or provide a declaration of 'sprintf'
../Core/Src/main.c:902:27: warning: incompatible implicit declaration of built-in function 'sprintf' [-Wbuiltin-declaration-mismatch]
  902 |                           sprintf(buf, "0%d:%d:0%d", sTime.Hours, sTime.Minutes, sTime.Seconds);
      |                           ^~~~~~~
../Core/Src/main.c:902:27: note: include '<stdio.h>' or provide a declaration of 'sprintf'
../Core/Src/main.c:905:27: warning: incompatible implicit declaration of built-in function 'sprintf' [-Wbuiltin-declaration-mismatch]
  905 |                           sprintf(buf, "0%d:0%d:%d", sTime.Hours, sTime.Minutes, sTime.Seconds);
      |                           ^~~~~~~
../Core/Src/main.c:905:27: note: include '<stdio.h>' or provide a declaration of 'sprintf'
../Core/Src/main.c:908:27: warning: incompatible implicit declaration of built-in function 'sprintf' [-Wbuiltin-declaration-mismatch]
  908 |                           sprintf(buf, "%d:%d:0%d", sTime.Hours, sTime.Minutes, sTime.Seconds);
      |                           ^~~~~~~
../Core/Src/main.c:908:27: note: include '<stdio.h>' or provide a declaration of 'sprintf'
../Core/Src/main.c:911:27: warning: incompatible implicit declaration of built-in function 'sprintf' [-Wbuiltin-declaration-mismatch]
  911 |                           sprintf(buf, "%d:0%d:%d", sTime.Hours, sTime.Minutes, sTime.Seconds);
      |                           ^~~~~~~
../Core/Src/main.c:911:27: note: include '<stdio.h>' or provide a declaration of 'sprintf'
../Core/Src/main.c:914:27: warning: incompatible implicit declaration of built-in function 'sprintf' [-Wbuiltin-declaration-mismatch]
  914 |                           sprintf(buf, "0%d:%d:%d", sTime.Hours, sTime.Minutes, sTime.Seconds);
      |                           ^~~~~~~
../Core/Src/main.c:914:27: note: include '<stdio.h>' or provide a declaration of 'sprintf'
../Core/Src/main.c:916:27: warning: incompatible implicit declaration of built-in function 'sprintf' [-Wbuiltin-declaration-mismatch]
  916 |                           sprintf(buf, "%d:%d:%d", sTime.Hours, sTime.Minutes, sTime.Seconds);
      |                           ^~~~~~~
../Core/Src/main.c:916:27: note: include '<stdio.h>' or provide a declaration of 'sprintf'
../Core/Src/main.c: In function 'WriteBatteryCharge':
../Core/Src/main.c:950:18: warning: incompatible implicit declaration of built-in function 'sprintf' [-Wbuiltin-declaration-mismatch]
  950 |                  sprintf(buf, "%d", adc[0]);
      |                  ^~~~~~~
../Core/Src/main.c:950:18: note: include '<stdio.h>' or provide a declaration of 'sprintf'
../Core/Src/main.c: In function 'ConfigTime':
../Core/Src/main.c:958:51: warning: incompatible implicit declaration of built-in function 'sprintf' [-Wbuiltin-declaration-mismatch]
  958 |                                                   sprintf(buf, "0%d:0%d:0%d", sTime.Hours, sTime.Minutes, sTime.Seconds);
      |                                                   ^~~~~~~
../Core/Src/main.c:958:51: note: include '<stdio.h>' or provide a declaration of 'sprintf'
../Core/Src/main.c:961:51: warning: incompatible implicit declaration of built-in function 'sprintf' [-Wbuiltin-declaration-mismatch]
  961 |                                                   sprintf(buf, "%d:0%d:0%d", sTime.Hours, sTime.Minutes, sTime.Seconds);
      |                                                   ^~~~~~~
../Core/Src/main.c:961:51: note: include '<stdio.h>' or provide a declaration of 'sprintf'
../Core/Src/main.c:964:51: warning: incompatible implicit declaration of built-in function 'sprintf' [-Wbuiltin-declaration-mismatch]
  964 |                                                   sprintf(buf, "0%d:%d:0%d", sTime.Hours, sTime.Minutes, sTime.Seconds);
      |                                                   ^~~~~~~
../Core/Src/main.c:964:51: note: include '<stdio.h>' or provide a declaration of 'sprintf'
../Core/Src/main.c:967:51: warning: incompatible implicit declaration of built-in function 'sprintf' [-Wbuiltin-declaration-mismatch]
  967 |                                                   sprintf(buf, "0%d:0%d:%d", sTime.Hours, sTime.Minutes, sTime.Seconds);
      |                                                   ^~~~~~~
../Core/Src/main.c:967:51: note: include '<stdio.h>' or provide a declaration of 'sprintf'
../Core/Src/main.c:970:51: warning: incompatible implicit declaration of built-in function 'sprintf' [-Wbuiltin-declaration-mismatch]
  970 |                                                   sprintf(buf, "%d:%d:0%d", sTime.Hours, sTime.Minutes, sTime.Seconds);
      |                                                   ^~~~~~~
../Core/Src/main.c:970:51: note: include '<stdio.h>' or provide a declaration of 'sprintf'
../Core/Src/main.c:973:51: warning: incompatible implicit declaration of built-in function 'sprintf' [-Wbuiltin-declaration-mismatch]
  973 |                                                   sprintf(buf, "%d:0%d:%d", sTime.Hours, sTime.Minutes, sTime.Seconds);
      |                                                   ^~~~~~~
../Core/Src/main.c:973:51: note: include '<stdio.h>' or provide a declaration of 'sprintf'
../Core/Src/main.c:976:51: warning: incompatible implicit declaration of built-in function 'sprintf' [-Wbuiltin-declaration-mismatch]
  976 |                                                   sprintf(buf, "0%d:%d:%d", sTime.Hours, sTime.Minutes, sTime.Seconds);
      |                                                   ^~~~~~~
../Core/Src/main.c:976:51: note: include '<stdio.h>' or provide a declaration of 'sprintf'
../Core/Src/main.c:978:51: warning: incompatible implicit declaration of built-in function 'sprintf' [-Wbuiltin-declaration-mismatch]
  978 |                                                   sprintf(buf, "%d:%d:%d", sTime.Hours, sTime.Minutes, sTime.Seconds);
      |                                                   ^~~~~~~
../Core/Src/main.c:978:51: note: include '<stdio.h>' or provide a declaration of 'sprintf'
arm-none-eabi-gcc -o "Smart_Speedometr.elf" @"objects.list"   -mcpu=cortex-m0plus -T"/Users/admin/Desktop/SmartSpeedometr/Smart_Speedometr/STM32G030F6PX_FLASH.ld" --specs=nosys.specs -Wl,-Map="Smart_Speedometr.map" -Wl,--gc-sections -static --specs=nano.specs -mfloat-abi=soft -mthumb -Wl,--start-group -lc -lm -Wl,--end-group
Finished building target: Smart_Speedometr.elf
 
arm-none-eabi-size  Smart_Speedometr.elf 
arm-none-eabi-objdump -h -S Smart_Speedometr.elf  > "Smart_Speedometr.list"
   text	   data	    bss	    dec	    hex	filename
  28632	    116	   3628	  32376	   7e78	Smart_Speedometr.elf
Finished building: default.size.stdout
 
Finished building: Smart_Speedometr.list
 
10:55:16 **** Incremental Build of configuration Debug for project Smart_Speedometr ****
make -j7 all 
arm-none-eabi-gcc "../Core/Src/main.c" -mcpu=cortex-m0plus -std=gnu11 -g3 -DDEBUG -DUSE_HAL_DRIVER -DSTM32G030xx -c -I../Core/Inc -I../Drivers/STM32G0xx_HAL_Driver/Inc -I../Drivers/STM32G0xx_HAL_Driver/Inc/Legacy -I../Drivers/CMSIS/Device/ST/STM32G0xx/Include -I../Drivers/CMSIS/Include -O1 -ffunction-sections -fdata-sections -Wall -fstack-usage -fcyclomatic-complexity -MMD -MP -MF"Core/Src/main.d" -MT"Core/Src/main.o" --specs=nano.specs -mfloat-abi=soft -mthumb -o "Core/Src/main.o"
../Core/Src/main.c: In function 'main':
../Core/Src/main.c:275:10: warning: implicit declaration of function 'snprintf' [-Wimplicit-function-declaration]
  275 |          snprintf(buf, sizeof(buf), "%d.%d kh/h", real_speed1, real_speed2);
      |          ^~~~~~~~
../Core/Src/main.c:25:1: note: include '<stdio.h>' or provide a declaration of 'snprintf'
   24 | #include "ssd1306.h"
  +++ |+#include <stdio.h>
   25 | /* USER CODE END Includes */
../Core/Src/main.c:275:10: warning: incompatible implicit declaration of built-in function 'snprintf' [-Wbuiltin-declaration-mismatch]
  275 |          snprintf(buf, sizeof(buf), "%d.%d kh/h", real_speed1, real_speed2);
      |          ^~~~~~~~
../Core/Src/main.c:275:10: note: include '<stdio.h>' or provide a declaration of 'snprintf'
../Core/Src/main.c:280:9: warning: incompatible implicit declaration of built-in function 'snprintf' [-Wbuiltin-declaration-mismatch]
  280 |         snprintf(buf, sizeof(buf), "0 kh/h");
      |         ^~~~~~~~
../Core/Src/main.c:280:9: note: include '<stdio.h>' or provide a declaration of 'snprintf'
../Core/Src/main.c:308:17: warning: implicit declaration of function 'sprintf' [-Wimplicit-function-declaration]
  308 |                 sprintf(buf, "Set time");
      |                 ^~~~~~~
../Core/Src/main.c:308:17: note: include '<stdio.h>' or provide a declaration of 'sprintf'
../Core/Src/main.c:308:17: warning: incompatible implicit declaration of built-in function 'sprintf' [-Wbuiltin-declaration-mismatch]
../Core/Src/main.c:308:17: note: include '<stdio.h>' or provide a declaration of 'sprintf'
../Core/Src/main.c:375:17: warning: incompatible implicit declaration of built-in function 'sprintf' [-Wbuiltin-declaration-mismatch]
  375 |                 sprintf(buf, "Wheel");
      |                 ^~~~~~~
../Core/Src/main.c:375:17: note: include '<stdio.h>' or provide a declaration of 'sprintf'
../Core/Src/main.c: In function 'WriteTime':
../Core/Src/main.c:896:27: warning: incompatible implicit declaration of built-in function 'sprintf' [-Wbuiltin-declaration-mismatch]
  896 |                           sprintf(buf, "0%d:0%d:0%d", sTime.Hours, sTime.Minutes, sTime.Seconds);
      |                           ^~~~~~~
../Core/Src/main.c:896:27: note: include '<stdio.h>' or provide a declaration of 'sprintf'
../Core/Src/main.c:899:27: warning: incompatible implicit declaration of built-in function 'sprintf' [-Wbuiltin-declaration-mismatch]
  899 |                           sprintf(buf, "%d:0%d:0%d", sTime.Hours, sTime.Minutes, sTime.Seconds);
      |                           ^~~~~~~
../Core/Src/main.c:899:27: note: include '<stdio.h>' or provide a declaration of 'sprintf'
../Core/Src/main.c:902:27: warning: incompatible implicit declaration of built-in function 'sprintf' [-Wbuiltin-declaration-mismatch]
  902 |                           sprintf(buf, "0%d:%d:0%d", sTime.Hours, sTime.Minutes, sTime.Seconds);
      |                           ^~~~~~~
../Core/Src/main.c:902:27: note: include '<stdio.h>' or provide a declaration of 'sprintf'
../Core/Src/main.c:905:27: warning: incompatible implicit declaration of built-in function 'sprintf' [-Wbuiltin-declaration-mismatch]
  905 |                           sprintf(buf, "0%d:0%d:%d", sTime.Hours, sTime.Minutes, sTime.Seconds);
      |                           ^~~~~~~
../Core/Src/main.c:905:27: note: include '<stdio.h>' or provide a declaration of 'sprintf'
../Core/Src/main.c:908:27: warning: incompatible implicit declaration of built-in function 'sprintf' [-Wbuiltin-declaration-mismatch]
  908 |                           sprintf(buf, "%d:%d:0%d", sTime.Hours, sTime.Minutes, sTime.Seconds);
      |                           ^~~~~~~
../Core/Src/main.c:908:27: note: include '<stdio.h>' or provide a declaration of 'sprintf'
../Core/Src/main.c:911:27: warning: incompatible implicit declaration of built-in function 'sprintf' [-Wbuiltin-declaration-mismatch]
  911 |                           sprintf(buf, "%d:0%d:%d", sTime.Hours, sTime.Minutes, sTime.Seconds);
      |                           ^~~~~~~
../Core/Src/main.c:911:27: note: include '<stdio.h>' or provide a declaration of 'sprintf'
../Core/Src/main.c:914:27: warning: incompatible implicit declaration of built-in function 'sprintf' [-Wbuiltin-declaration-mismatch]
  914 |                           sprintf(buf, "0%d:%d:%d", sTime.Hours, sTime.Minutes, sTime.Seconds);
      |                           ^~~~~~~
../Core/Src/main.c:914:27: note: include '<stdio.h>' or provide a declaration of 'sprintf'
../Core/Src/main.c:916:27: warning: incompatible implicit declaration of built-in function 'sprintf' [-Wbuiltin-declaration-mismatch]
  916 |                           sprintf(buf, "%d:%d:%d", sTime.Hours, sTime.Minutes, sTime.Seconds);
      |                           ^~~~~~~
../Core/Src/main.c:916:27: note: include '<stdio.h>' or provide a declaration of 'sprintf'
../Core/Src/main.c: In function 'WriteBatteryCharge':
../Core/Src/main.c:950:18: warning: incompatible implicit declaration of built-in function 'sprintf' [-Wbuiltin-declaration-mismatch]
  950 |                  sprintf(buf, "%d", adc[0]);
      |                  ^~~~~~~
../Core/Src/main.c:950:18: note: include '<stdio.h>' or provide a declaration of 'sprintf'
../Core/Src/main.c: In function 'ConfigTime':
../Core/Src/main.c:958:51: warning: incompatible implicit declaration of built-in function 'sprintf' [-Wbuiltin-declaration-mismatch]
  958 |                                                   sprintf(buf, "0%d:0%d:0%d", sTime.Hours, sTime.Minutes, sTime.Seconds);
      |                                                   ^~~~~~~
../Core/Src/main.c:958:51: note: include '<stdio.h>' or provide a declaration of 'sprintf'
../Core/Src/main.c:961:51: warning: incompatible implicit declaration of built-in function 'sprintf' [-Wbuiltin-declaration-mismatch]
  961 |                                                   sprintf(buf, "%d:0%d:0%d", sTime.Hours, sTime.Minutes, sTime.Seconds);
      |                                                   ^~~~~~~
../Core/Src/main.c:961:51: note: include '<stdio.h>' or provide a declaration of 'sprintf'
../Core/Src/main.c:964:51: warning: incompatible implicit declaration of built-in function 'sprintf' [-Wbuiltin-declaration-mismatch]
  964 |                                                   sprintf(buf, "0%d:%d:0%d", sTime.Hours, sTime.Minutes, sTime.Seconds);
      |                                                   ^~~~~~~
../Core/Src/main.c:964:51: note: include '<stdio.h>' or provide a declaration of 'sprintf'
../Core/Src/main.c:967:51: warning: incompatible implicit declaration of built-in function 'sprintf' [-Wbuiltin-declaration-mismatch]
  967 |                                                   sprintf(buf, "0%d:0%d:%d", sTime.Hours, sTime.Minutes, sTime.Seconds);
      |                                                   ^~~~~~~
../Core/Src/main.c:967:51: note: include '<stdio.h>' or provide a declaration of 'sprintf'
../Core/Src/main.c:970:51: warning: incompatible implicit declaration of built-in function 'sprintf' [-Wbuiltin-declaration-mismatch]
  970 |                                                   sprintf(buf, "%d:%d:0%d", sTime.Hours, sTime.Minutes, sTime.Seconds);
      |                                                   ^~~~~~~
../Core/Src/main.c:970:51: note: include '<stdio.h>' or provide a declaration of 'sprintf'
../Core/Src/main.c:973:51: warning: incompatible implicit declaration of built-in function 'sprintf' [-Wbuiltin-declaration-mismatch]
  973 |                                                   sprintf(buf, "%d:0%d:%d", sTime.Hours, sTime.Minutes, sTime.Seconds);
      |                                                   ^~~~~~~
../Core/Src/main.c:973:51: note: include '<stdio.h>' or provide a declaration of 'sprintf'
../Core/Src/main.c:976:51: warning: incompatible implicit declaration of built-in function 'sprintf' [-Wbuiltin-declaration-mismatch]
  976 |                                                   sprintf(buf, "0%d:%d:%d", sTime.Hours, sTime.Minutes, sTime.Seconds);
      |                                                   ^~~~~~~
../Core/Src/main.c:976:51: note: include '<stdio.h>' or provide a declaration of 'sprintf'
../Core/Src/main.c:978:51: warning: incompatible implicit declaration of built-in function 'sprintf' [-Wbuiltin-declaration-mismatch]
  978 |                                                   sprintf(buf, "%d:%d:%d", sTime.Hours, sTime.Minutes, sTime.Seconds);
      |                                                   ^~~~~~~
../Core/Src/main.c:978:51: note: include '<stdio.h>' or provide a declaration of 'sprintf'
arm-none-eabi-gcc -o "Smart_Speedometr.elf" @"objects.list"   -mcpu=cortex-m0plus -T"/Users/admin/Desktop/SmartSpeedometr/Smart_Speedometr/STM32G030F6PX_FLASH.ld" --specs=nosys.specs -Wl,-Map="Smart_Speedometr.map" -Wl,--gc-sections -static --specs=nano.specs -mfloat-abi=soft -mthumb -Wl,--start-group -lc -lm -Wl,--end-group
Finished building target: Smart_Speedometr.elf
 
arm-none-eabi-size  Smart_Speedometr.elf 
arm-none-eabi-objdump -h -S Smart_Speedometr.elf  > "Smart_Speedometr.list"
   text	   data	    bss	    dec	    hex	filename
  28664	    116	   3628	  32408	   7e98	Smart_Speedometr.elf
Finished building: default.size.stdout
 
Finished building: Smart_Speedometr.list
 
10:57:39 **** Incremental Build of configuration Debug for project Smart_Speedometr ****
make -j7 all 
arm-none-eabi-gcc "../Core/Src/main.c" -mcpu=cortex-m0plus -std=gnu11 -g3 -DDEBUG -DUSE_HAL_DRIVER -DSTM32G030xx -c -I../Core/Inc -I../Drivers/STM32G0xx_HAL_Driver/Inc -I../Drivers/STM32G0xx_HAL_Driver/Inc/Legacy -I../Drivers/CMSIS/Device/ST/STM32G0xx/Include -I../Drivers/CMSIS/Include -O1 -ffunction-sections -fdata-sections -Wall -fstack-usage -fcyclomatic-complexity -MMD -MP -MF"Core/Src/main.d" -MT"Core/Src/main.o" --specs=nano.specs -mfloat-abi=soft -mthumb -o "Core/Src/main.o"
../Core/Src/main.c: In function 'main':
../Core/Src/main.c:275:10: warning: implicit declaration of function 'snprintf' [-Wimplicit-function-declaration]
  275 |          snprintf(buf, sizeof(buf), "%d.%d kh/h", real_speed1, real_speed2);
      |          ^~~~~~~~
../Core/Src/main.c:25:1: note: include '<stdio.h>' or provide a declaration of 'snprintf'
   24 | #include "ssd1306.h"
  +++ |+#include <stdio.h>
   25 | /* USER CODE END Includes */
../Core/Src/main.c:275:10: warning: incompatible implicit declaration of built-in function 'snprintf' [-Wbuiltin-declaration-mismatch]
  275 |          snprintf(buf, sizeof(buf), "%d.%d kh/h", real_speed1, real_speed2);
      |          ^~~~~~~~
../Core/Src/main.c:275:10: note: include '<stdio.h>' or provide a declaration of 'snprintf'
../Core/Src/main.c:280:9: warning: incompatible implicit declaration of built-in function 'snprintf' [-Wbuiltin-declaration-mismatch]
  280 |         snprintf(buf, sizeof(buf), "0 kh/h");
      |         ^~~~~~~~
../Core/Src/main.c:280:9: note: include '<stdio.h>' or provide a declaration of 'snprintf'
../Core/Src/main.c:308:17: warning: implicit declaration of function 'sprintf' [-Wimplicit-function-declaration]
  308 |                 sprintf(buf, "Set time");
      |                 ^~~~~~~
../Core/Src/main.c:308:17: note: include '<stdio.h>' or provide a declaration of 'sprintf'
../Core/Src/main.c:308:17: warning: incompatible implicit declaration of built-in function 'sprintf' [-Wbuiltin-declaration-mismatch]
../Core/Src/main.c:308:17: note: include '<stdio.h>' or provide a declaration of 'sprintf'
../Core/Src/main.c:375:17: warning: incompatible implicit declaration of built-in function 'sprintf' [-Wbuiltin-declaration-mismatch]
  375 |                 sprintf(buf, "Wheel");
      |                 ^~~~~~~
../Core/Src/main.c:375:17: note: include '<stdio.h>' or provide a declaration of 'sprintf'
../Core/Src/main.c: In function 'WriteTime':
../Core/Src/main.c:896:27: warning: incompatible implicit declaration of built-in function 'sprintf' [-Wbuiltin-declaration-mismatch]
  896 |                           sprintf(buf, "0%d:0%d:0%d", sTime.Hours, sTime.Minutes, sTime.Seconds);
      |                           ^~~~~~~
../Core/Src/main.c:896:27: note: include '<stdio.h>' or provide a declaration of 'sprintf'
../Core/Src/main.c:899:27: warning: incompatible implicit declaration of built-in function 'sprintf' [-Wbuiltin-declaration-mismatch]
  899 |                           sprintf(buf, "%d:0%d:0%d", sTime.Hours, sTime.Minutes, sTime.Seconds);
      |                           ^~~~~~~
../Core/Src/main.c:899:27: note: include '<stdio.h>' or provide a declaration of 'sprintf'
../Core/Src/main.c:902:27: warning: incompatible implicit declaration of built-in function 'sprintf' [-Wbuiltin-declaration-mismatch]
  902 |                           sprintf(buf, "0%d:%d:0%d", sTime.Hours, sTime.Minutes, sTime.Seconds);
      |                           ^~~~~~~
../Core/Src/main.c:902:27: note: include '<stdio.h>' or provide a declaration of 'sprintf'
../Core/Src/main.c:905:27: warning: incompatible implicit declaration of built-in function 'sprintf' [-Wbuiltin-declaration-mismatch]
  905 |                           sprintf(buf, "0%d:0%d:%d", sTime.Hours, sTime.Minutes, sTime.Seconds);
      |                           ^~~~~~~
../Core/Src/main.c:905:27: note: include '<stdio.h>' or provide a declaration of 'sprintf'
../Core/Src/main.c:908:27: warning: incompatible implicit declaration of built-in function 'sprintf' [-Wbuiltin-declaration-mismatch]
  908 |                           sprintf(buf, "%d:%d:0%d", sTime.Hours, sTime.Minutes, sTime.Seconds);
      |                           ^~~~~~~
../Core/Src/main.c:908:27: note: include '<stdio.h>' or provide a declaration of 'sprintf'
../Core/Src/main.c:911:27: warning: incompatible implicit declaration of built-in function 'sprintf' [-Wbuiltin-declaration-mismatch]
  911 |                           sprintf(buf, "%d:0%d:%d", sTime.Hours, sTime.Minutes, sTime.Seconds);
      |                           ^~~~~~~
../Core/Src/main.c:911:27: note: include '<stdio.h>' or provide a declaration of 'sprintf'
../Core/Src/main.c:914:27: warning: incompatible implicit declaration of built-in function 'sprintf' [-Wbuiltin-declaration-mismatch]
  914 |                           sprintf(buf, "0%d:%d:%d", sTime.Hours, sTime.Minutes, sTime.Seconds);
      |                           ^~~~~~~
../Core/Src/main.c:914:27: note: include '<stdio.h>' or provide a declaration of 'sprintf'
../Core/Src/main.c:916:27: warning: incompatible implicit declaration of built-in function 'sprintf' [-Wbuiltin-declaration-mismatch]
  916 |                           sprintf(buf, "%d:%d:%d", sTime.Hours, sTime.Minutes, sTime.Seconds);
      |                           ^~~~~~~
../Core/Src/main.c:916:27: note: include '<stdio.h>' or provide a declaration of 'sprintf'
../Core/Src/main.c: In function 'WriteBatteryCharge':
../Core/Src/main.c:950:18: warning: incompatible implicit declaration of built-in function 'sprintf' [-Wbuiltin-declaration-mismatch]
  950 |                  sprintf(buf, "%d", adc[0]);
      |                  ^~~~~~~
../Core/Src/main.c:950:18: note: include '<stdio.h>' or provide a declaration of 'sprintf'
../Core/Src/main.c: In function 'ConfigTime':
../Core/Src/main.c:958:51: warning: incompatible implicit declaration of built-in function 'sprintf' [-Wbuiltin-declaration-mismatch]
  958 |                                                   sprintf(buf, "0%d:0%d:0%d", sTime.Hours, sTime.Minutes, sTime.Seconds);
      |                                                   ^~~~~~~
../Core/Src/main.c:958:51: note: include '<stdio.h>' or provide a declaration of 'sprintf'
../Core/Src/main.c:961:51: warning: incompatible implicit declaration of built-in function 'sprintf' [-Wbuiltin-declaration-mismatch]
  961 |                                                   sprintf(buf, "%d:0%d:0%d", sTime.Hours, sTime.Minutes, sTime.Seconds);
      |                                                   ^~~~~~~
../Core/Src/main.c:961:51: note: include '<stdio.h>' or provide a declaration of 'sprintf'
../Core/Src/main.c:964:51: warning: incompatible implicit declaration of built-in function 'sprintf' [-Wbuiltin-declaration-mismatch]
  964 |                                                   sprintf(buf, "0%d:%d:0%d", sTime.Hours, sTime.Minutes, sTime.Seconds);
      |                                                   ^~~~~~~
../Core/Src/main.c:964:51: note: include '<stdio.h>' or provide a declaration of 'sprintf'
../Core/Src/main.c:967:51: warning: incompatible implicit declaration of built-in function 'sprintf' [-Wbuiltin-declaration-mismatch]
  967 |                                                   sprintf(buf, "0%d:0%d:%d", sTime.Hours, sTime.Minutes, sTime.Seconds);
      |                                                   ^~~~~~~
../Core/Src/main.c:967:51: note: include '<stdio.h>' or provide a declaration of 'sprintf'
../Core/Src/main.c:970:51: warning: incompatible implicit declaration of built-in function 'sprintf' [-Wbuiltin-declaration-mismatch]
  970 |                                                   sprintf(buf, "%d:%d:0%d", sTime.Hours, sTime.Minutes, sTime.Seconds);
      |                                                   ^~~~~~~
../Core/Src/main.c:970:51: note: include '<stdio.h>' or provide a declaration of 'sprintf'
../Core/Src/main.c:973:51: warning: incompatible implicit declaration of built-in function 'sprintf' [-Wbuiltin-declaration-mismatch]
  973 |                                                   sprintf(buf, "%d:0%d:%d", sTime.Hours, sTime.Minutes, sTime.Seconds);
      |                                                   ^~~~~~~
../Core/Src/main.c:973:51: note: include '<stdio.h>' or provide a declaration of 'sprintf'
../Core/Src/main.c:976:51: warning: incompatible implicit declaration of built-in function 'sprintf' [-Wbuiltin-declaration-mismatch]
  976 |                                                   sprintf(buf, "0%d:%d:%d", sTime.Hours, sTime.Minutes, sTime.Seconds);
      |                                                   ^~~~~~~
../Core/Src/main.c:976:51: note: include '<stdio.h>' or provide a declaration of 'sprintf'
../Core/Src/main.c:978:51: warning: incompatible implicit declaration of built-in function 'sprintf' [-Wbuiltin-declaration-mismatch]
  978 |                                                   sprintf(buf, "%d:%d:%d", sTime.Hours, sTime.Minutes, sTime.Seconds);
      |                                                   ^~~~~~~
../Core/Src/main.c:978:51: note: include '<stdio.h>' or provide a declaration of 'sprintf'
arm-none-eabi-gcc -o "Smart_Speedometr.elf" @"objects.list"   -mcpu=cortex-m0plus -T"/Users/admin/Desktop/SmartSpeedometr/Smart_Speedometr/STM32G030F6PX_FLASH.ld" --specs=nosys.specs -Wl,-Map="Smart_Speedometr.map" -Wl,--gc-sections -static --specs=nano.specs -mfloat-abi=soft -mthumb -Wl,--start-group -lc -lm -Wl,--end-group
Finished building target: Smart_Speedometr.elf
 
arm-none-eabi-size  Smart_Speedometr.elf 
arm-none-eabi-objdump -h -S Smart_Speedometr.elf  > "Smart_Speedometr.list"
   text	   data	    bss	    dec	    hex	filename
  28688	    116	   3628	  32432	   7eb0	Smart_Speedometr.elf
Finished building: default.size.stdout
 
Finished building: Smart_Speedometr.list
 
10:59:00 **** Incremental Build of configuration Debug for project Smart_Speedometr ****
make -j7 all 
arm-none-eabi-gcc "../Core/Src/main.c" -mcpu=cortex-m0plus -std=gnu11 -g3 -DDEBUG -DUSE_HAL_DRIVER -DSTM32G030xx -c -I../Core/Inc -I../Drivers/STM32G0xx_HAL_Driver/Inc -I../Drivers/STM32G0xx_HAL_Driver/Inc/Legacy -I../Drivers/CMSIS/Device/ST/STM32G0xx/Include -I../Drivers/CMSIS/Include -O1 -ffunction-sections -fdata-sections -Wall -fstack-usage -fcyclomatic-complexity -MMD -MP -MF"Core/Src/main.d" -MT"Core/Src/main.o" --specs=nano.specs -mfloat-abi=soft -mthumb -o "Core/Src/main.o"
../Core/Src/main.c: In function 'main':
../Core/Src/main.c:275:10: warning: implicit declaration of function 'snprintf' [-Wimplicit-function-declaration]
  275 |          snprintf(buf, sizeof(buf), "%d.%d kh/h", real_speed1, real_speed2);
      |          ^~~~~~~~
../Core/Src/main.c:25:1: note: include '<stdio.h>' or provide a declaration of 'snprintf'
   24 | #include "ssd1306.h"
  +++ |+#include <stdio.h>
   25 | /* USER CODE END Includes */
../Core/Src/main.c:275:10: warning: incompatible implicit declaration of built-in function 'snprintf' [-Wbuiltin-declaration-mismatch]
  275 |          snprintf(buf, sizeof(buf), "%d.%d kh/h", real_speed1, real_speed2);
      |          ^~~~~~~~
../Core/Src/main.c:275:10: note: include '<stdio.h>' or provide a declaration of 'snprintf'
../Core/Src/main.c:280:9: warning: incompatible implicit declaration of built-in function 'snprintf' [-Wbuiltin-declaration-mismatch]
  280 |         snprintf(buf, sizeof(buf), "0 kh/h");
      |         ^~~~~~~~
../Core/Src/main.c:280:9: note: include '<stdio.h>' or provide a declaration of 'snprintf'
../Core/Src/main.c:308:17: warning: implicit declaration of function 'sprintf' [-Wimplicit-function-declaration]
  308 |                 sprintf(buf, "Set time");
      |                 ^~~~~~~
../Core/Src/main.c:308:17: note: include '<stdio.h>' or provide a declaration of 'sprintf'
../Core/Src/main.c:308:17: warning: incompatible implicit declaration of built-in function 'sprintf' [-Wbuiltin-declaration-mismatch]
../Core/Src/main.c:308:17: note: include '<stdio.h>' or provide a declaration of 'sprintf'
../Core/Src/main.c:375:17: warning: incompatible implicit declaration of built-in function 'sprintf' [-Wbuiltin-declaration-mismatch]
  375 |                 sprintf(buf, "Wheel");
      |                 ^~~~~~~
../Core/Src/main.c:375:17: note: include '<stdio.h>' or provide a declaration of 'sprintf'
../Core/Src/main.c: In function 'WriteTime':
../Core/Src/main.c:896:27: warning: incompatible implicit declaration of built-in function 'sprintf' [-Wbuiltin-declaration-mismatch]
  896 |                           sprintf(buf, "0%d:0%d:0%d", sTime.Hours, sTime.Minutes, sTime.Seconds);
      |                           ^~~~~~~
../Core/Src/main.c:896:27: note: include '<stdio.h>' or provide a declaration of 'sprintf'
../Core/Src/main.c:899:27: warning: incompatible implicit declaration of built-in function 'sprintf' [-Wbuiltin-declaration-mismatch]
  899 |                           sprintf(buf, "%d:0%d:0%d", sTime.Hours, sTime.Minutes, sTime.Seconds);
      |                           ^~~~~~~
../Core/Src/main.c:899:27: note: include '<stdio.h>' or provide a declaration of 'sprintf'
../Core/Src/main.c:902:27: warning: incompatible implicit declaration of built-in function 'sprintf' [-Wbuiltin-declaration-mismatch]
  902 |                           sprintf(buf, "0%d:%d:0%d", sTime.Hours, sTime.Minutes, sTime.Seconds);
      |                           ^~~~~~~
../Core/Src/main.c:902:27: note: include '<stdio.h>' or provide a declaration of 'sprintf'
../Core/Src/main.c:905:27: warning: incompatible implicit declaration of built-in function 'sprintf' [-Wbuiltin-declaration-mismatch]
  905 |                           sprintf(buf, "0%d:0%d:%d", sTime.Hours, sTime.Minutes, sTime.Seconds);
      |                           ^~~~~~~
../Core/Src/main.c:905:27: note: include '<stdio.h>' or provide a declaration of 'sprintf'
../Core/Src/main.c:908:27: warning: incompatible implicit declaration of built-in function 'sprintf' [-Wbuiltin-declaration-mismatch]
  908 |                           sprintf(buf, "%d:%d:0%d", sTime.Hours, sTime.Minutes, sTime.Seconds);
      |                           ^~~~~~~
../Core/Src/main.c:908:27: note: include '<stdio.h>' or provide a declaration of 'sprintf'
../Core/Src/main.c:911:27: warning: incompatible implicit declaration of built-in function 'sprintf' [-Wbuiltin-declaration-mismatch]
  911 |                           sprintf(buf, "%d:0%d:%d", sTime.Hours, sTime.Minutes, sTime.Seconds);
      |                           ^~~~~~~
../Core/Src/main.c:911:27: note: include '<stdio.h>' or provide a declaration of 'sprintf'
../Core/Src/main.c:914:27: warning: incompatible implicit declaration of built-in function 'sprintf' [-Wbuiltin-declaration-mismatch]
  914 |                           sprintf(buf, "0%d:%d:%d", sTime.Hours, sTime.Minutes, sTime.Seconds);
      |                           ^~~~~~~
../Core/Src/main.c:914:27: note: include '<stdio.h>' or provide a declaration of 'sprintf'
../Core/Src/main.c:916:27: warning: incompatible implicit declaration of built-in function 'sprintf' [-Wbuiltin-declaration-mismatch]
  916 |                           sprintf(buf, "%d:%d:%d", sTime.Hours, sTime.Minutes, sTime.Seconds);
      |                           ^~~~~~~
../Core/Src/main.c:916:27: note: include '<stdio.h>' or provide a declaration of 'sprintf'
../Core/Src/main.c: In function 'WriteBatteryCharge':
../Core/Src/main.c:950:18: warning: incompatible implicit declaration of built-in function 'sprintf' [-Wbuiltin-declaration-mismatch]
  950 |                  sprintf(buf, "%d", adc[0]);
      |                  ^~~~~~~
../Core/Src/main.c:950:18: note: include '<stdio.h>' or provide a declaration of 'sprintf'
../Core/Src/main.c: In function 'ConfigTime':
../Core/Src/main.c:958:51: warning: incompatible implicit declaration of built-in function 'sprintf' [-Wbuiltin-declaration-mismatch]
  958 |                                                   sprintf(buf, "0%d:0%d:0%d", sTime.Hours, sTime.Minutes, sTime.Seconds);
      |                                                   ^~~~~~~
../Core/Src/main.c:958:51: note: include '<stdio.h>' or provide a declaration of 'sprintf'
../Core/Src/main.c:961:51: warning: incompatible implicit declaration of built-in function 'sprintf' [-Wbuiltin-declaration-mismatch]
  961 |                                                   sprintf(buf, "%d:0%d:0%d", sTime.Hours, sTime.Minutes, sTime.Seconds);
      |                                                   ^~~~~~~
../Core/Src/main.c:961:51: note: include '<stdio.h>' or provide a declaration of 'sprintf'
../Core/Src/main.c:964:51: warning: incompatible implicit declaration of built-in function 'sprintf' [-Wbuiltin-declaration-mismatch]
  964 |                                                   sprintf(buf, "0%d:%d:0%d", sTime.Hours, sTime.Minutes, sTime.Seconds);
      |                                                   ^~~~~~~
../Core/Src/main.c:964:51: note: include '<stdio.h>' or provide a declaration of 'sprintf'
../Core/Src/main.c:967:51: warning: incompatible implicit declaration of built-in function 'sprintf' [-Wbuiltin-declaration-mismatch]
  967 |                                                   sprintf(buf, "0%d:0%d:%d", sTime.Hours, sTime.Minutes, sTime.Seconds);
      |                                                   ^~~~~~~
../Core/Src/main.c:967:51: note: include '<stdio.h>' or provide a declaration of 'sprintf'
../Core/Src/main.c:970:51: warning: incompatible implicit declaration of built-in function 'sprintf' [-Wbuiltin-declaration-mismatch]
  970 |                                                   sprintf(buf, "%d:%d:0%d", sTime.Hours, sTime.Minutes, sTime.Seconds);
      |                                                   ^~~~~~~
../Core/Src/main.c:970:51: note: include '<stdio.h>' or provide a declaration of 'sprintf'
../Core/Src/main.c:973:51: warning: incompatible implicit declaration of built-in function 'sprintf' [-Wbuiltin-declaration-mismatch]
  973 |                                                   sprintf(buf, "%d:0%d:%d", sTime.Hours, sTime.Minutes, sTime.Seconds);
      |                                                   ^~~~~~~
../Core/Src/main.c:973:51: note: include '<stdio.h>' or provide a declaration of 'sprintf'
../Core/Src/main.c:976:51: warning: incompatible implicit declaration of built-in function 'sprintf' [-Wbuiltin-declaration-mismatch]
  976 |                                                   sprintf(buf, "0%d:%d:%d", sTime.Hours, sTime.Minutes, sTime.Seconds);
      |                                                   ^~~~~~~
../Core/Src/main.c:976:51: note: include '<stdio.h>' or provide a declaration of 'sprintf'
../Core/Src/main.c:978:51: warning: incompatible implicit declaration of built-in function 'sprintf' [-Wbuiltin-declaration-mismatch]
  978 |                                                   sprintf(buf, "%d:%d:%d", sTime.Hours, sTime.Minutes, sTime.Seconds);
      |                                                   ^~~~~~~
../Core/Src/main.c:978:51: note: include '<stdio.h>' or provide a declaration of 'sprintf'
arm-none-eabi-gcc -o "Smart_Speedometr.elf" @"objects.list"   -mcpu=cortex-m0plus -T"/Users/admin/Desktop/SmartSpeedometr/Smart_Speedometr/STM32G030F6PX_FLASH.ld" --specs=nosys.specs -Wl,-Map="Smart_Speedometr.map" -Wl,--gc-sections -static --specs=nano.specs -mfloat-abi=soft -mthumb -Wl,--start-group -lc -lm -Wl,--end-group
Finished building target: Smart_Speedometr.elf
 
arm-none-eabi-size  Smart_Speedometr.elf 
arm-none-eabi-objdump -h -S Smart_Speedometr.elf  > "Smart_Speedometr.list"
   text	   data	    bss	    dec	    hex	filename
  28688	    116	   3628	  32432	   7eb0	Smart_Speedometr.elf
Finished building: default.size.stdout
 
Finished building: Smart_Speedometr.list
 
11:05:59 **** Incremental Build of configuration Debug for project Smart_Speedometr ****
make -j7 all 
arm-none-eabi-gcc "../Core/Src/main.c" -mcpu=cortex-m0plus -std=gnu11 -g3 -DDEBUG -DUSE_HAL_DRIVER -DSTM32G030xx -c -I../Core/Inc -I../Drivers/STM32G0xx_HAL_Driver/Inc -I../Drivers/STM32G0xx_HAL_Driver/Inc/Legacy -I../Drivers/CMSIS/Device/ST/STM32G0xx/Include -I../Drivers/CMSIS/Include -O1 -ffunction-sections -fdata-sections -Wall -fstack-usage -fcyclomatic-complexity -MMD -MP -MF"Core/Src/main.d" -MT"Core/Src/main.o" --specs=nano.specs -mfloat-abi=soft -mthumb -o "Core/Src/main.o"
../Core/Src/main.c: In function 'main':
../Core/Src/main.c:276:10: warning: implicit declaration of function 'snprintf' [-Wimplicit-function-declaration]
  276 |          snprintf(buf, sizeof(buf), "%d.%d kh/h", real_speed1, real_speed2);
      |          ^~~~~~~~
../Core/Src/main.c:25:1: note: include '<stdio.h>' or provide a declaration of 'snprintf'
   24 | #include "ssd1306.h"
  +++ |+#include <stdio.h>
   25 | /* USER CODE END Includes */
../Core/Src/main.c:276:10: warning: incompatible implicit declaration of built-in function 'snprintf' [-Wbuiltin-declaration-mismatch]
  276 |          snprintf(buf, sizeof(buf), "%d.%d kh/h", real_speed1, real_speed2);
      |          ^~~~~~~~
../Core/Src/main.c:276:10: note: include '<stdio.h>' or provide a declaration of 'snprintf'
../Core/Src/main.c:281:9: warning: incompatible implicit declaration of built-in function 'snprintf' [-Wbuiltin-declaration-mismatch]
  281 |         snprintf(buf, sizeof(buf), "0 kh/h");
      |         ^~~~~~~~
../Core/Src/main.c:281:9: note: include '<stdio.h>' or provide a declaration of 'snprintf'
../Core/Src/main.c:321:17: warning: implicit declaration of function 'sprintf' [-Wimplicit-function-declaration]
  321 |                 sprintf(buf, "Set time");
      |                 ^~~~~~~
../Core/Src/main.c:321:17: note: include '<stdio.h>' or provide a declaration of 'sprintf'
../Core/Src/main.c:321:17: warning: incompatible implicit declaration of built-in function 'sprintf' [-Wbuiltin-declaration-mismatch]
../Core/Src/main.c:321:17: note: include '<stdio.h>' or provide a declaration of 'sprintf'
../Core/Src/main.c:409:17: warning: incompatible implicit declaration of built-in function 'sprintf' [-Wbuiltin-declaration-mismatch]
  409 |                 sprintf(buf, "Wheel");
      |                 ^~~~~~~
../Core/Src/main.c:409:17: note: include '<stdio.h>' or provide a declaration of 'sprintf'
../Core/Src/main.c: In function 'WriteTime':
../Core/Src/main.c:930:27: warning: incompatible implicit declaration of built-in function 'sprintf' [-Wbuiltin-declaration-mismatch]
  930 |                           sprintf(buf, "0%d:0%d:0%d", sTime.Hours, sTime.Minutes, sTime.Seconds);
      |                           ^~~~~~~
../Core/Src/main.c:930:27: note: include '<stdio.h>' or provide a declaration of 'sprintf'
../Core/Src/main.c:933:27: warning: incompatible implicit declaration of built-in function 'sprintf' [-Wbuiltin-declaration-mismatch]
  933 |                           sprintf(buf, "%d:0%d:0%d", sTime.Hours, sTime.Minutes, sTime.Seconds);
      |                           ^~~~~~~
../Core/Src/main.c:933:27: note: include '<stdio.h>' or provide a declaration of 'sprintf'
../Core/Src/main.c:936:27: warning: incompatible implicit declaration of built-in function 'sprintf' [-Wbuiltin-declaration-mismatch]
  936 |                           sprintf(buf, "0%d:%d:0%d", sTime.Hours, sTime.Minutes, sTime.Seconds);
      |                           ^~~~~~~
../Core/Src/main.c:936:27: note: include '<stdio.h>' or provide a declaration of 'sprintf'
../Core/Src/main.c:939:27: warning: incompatible implicit declaration of built-in function 'sprintf' [-Wbuiltin-declaration-mismatch]
  939 |                           sprintf(buf, "0%d:0%d:%d", sTime.Hours, sTime.Minutes, sTime.Seconds);
      |                           ^~~~~~~
../Core/Src/main.c:939:27: note: include '<stdio.h>' or provide a declaration of 'sprintf'
../Core/Src/main.c:942:27: warning: incompatible implicit declaration of built-in function 'sprintf' [-Wbuiltin-declaration-mismatch]
  942 |                           sprintf(buf, "%d:%d:0%d", sTime.Hours, sTime.Minutes, sTime.Seconds);
      |                           ^~~~~~~
../Core/Src/main.c:942:27: note: include '<stdio.h>' or provide a declaration of 'sprintf'
../Core/Src/main.c:945:27: warning: incompatible implicit declaration of built-in function 'sprintf' [-Wbuiltin-declaration-mismatch]
  945 |                           sprintf(buf, "%d:0%d:%d", sTime.Hours, sTime.Minutes, sTime.Seconds);
      |                           ^~~~~~~
../Core/Src/main.c:945:27: note: include '<stdio.h>' or provide a declaration of 'sprintf'
../Core/Src/main.c:948:27: warning: incompatible implicit declaration of built-in function 'sprintf' [-Wbuiltin-declaration-mismatch]
  948 |                           sprintf(buf, "0%d:%d:%d", sTime.Hours, sTime.Minutes, sTime.Seconds);
      |                           ^~~~~~~
../Core/Src/main.c:948:27: note: include '<stdio.h>' or provide a declaration of 'sprintf'
../Core/Src/main.c:950:27: warning: incompatible implicit declaration of built-in function 'sprintf' [-Wbuiltin-declaration-mismatch]
  950 |                           sprintf(buf, "%d:%d:%d", sTime.Hours, sTime.Minutes, sTime.Seconds);
      |                           ^~~~~~~
../Core/Src/main.c:950:27: note: include '<stdio.h>' or provide a declaration of 'sprintf'
../Core/Src/main.c: In function 'WriteBatteryCharge':
../Core/Src/main.c:984:18: warning: incompatible implicit declaration of built-in function 'sprintf' [-Wbuiltin-declaration-mismatch]
  984 |                  sprintf(buf, "%d", adc[0]);
      |                  ^~~~~~~
../Core/Src/main.c:984:18: note: include '<stdio.h>' or provide a declaration of 'sprintf'
../Core/Src/main.c: In function 'ConfigTime':
../Core/Src/main.c:992:51: warning: incompatible implicit declaration of built-in function 'sprintf' [-Wbuiltin-declaration-mismatch]
  992 |                                                   sprintf(buf, "0%d:0%d:0%d", sTime.Hours, sTime.Minutes, sTime.Seconds);
      |                                                   ^~~~~~~
../Core/Src/main.c:992:51: note: include '<stdio.h>' or provide a declaration of 'sprintf'
../Core/Src/main.c:995:51: warning: incompatible implicit declaration of built-in function 'sprintf' [-Wbuiltin-declaration-mismatch]
  995 |                                                   sprintf(buf, "%d:0%d:0%d", sTime.Hours, sTime.Minutes, sTime.Seconds);
      |                                                   ^~~~~~~
../Core/Src/main.c:995:51: note: include '<stdio.h>' or provide a declaration of 'sprintf'
../Core/Src/main.c:998:51: warning: incompatible implicit declaration of built-in function 'sprintf' [-Wbuiltin-declaration-mismatch]
  998 |                                                   sprintf(buf, "0%d:%d:0%d", sTime.Hours, sTime.Minutes, sTime.Seconds);
      |                                                   ^~~~~~~
../Core/Src/main.c:998:51: note: include '<stdio.h>' or provide a declaration of 'sprintf'
../Core/Src/main.c:1001:51: warning: incompatible implicit declaration of built-in function 'sprintf' [-Wbuiltin-declaration-mismatch]
 1001 |                                                   sprintf(buf, "0%d:0%d:%d", sTime.Hours, sTime.Minutes, sTime.Seconds);
      |                                                   ^~~~~~~
../Core/Src/main.c:1001:51: note: include '<stdio.h>' or provide a declaration of 'sprintf'
../Core/Src/main.c:1004:51: warning: incompatible implicit declaration of built-in function 'sprintf' [-Wbuiltin-declaration-mismatch]
 1004 |                                                   sprintf(buf, "%d:%d:0%d", sTime.Hours, sTime.Minutes, sTime.Seconds);
      |                                                   ^~~~~~~
../Core/Src/main.c:1004:51: note: include '<stdio.h>' or provide a declaration of 'sprintf'
../Core/Src/main.c:1007:51: warning: incompatible implicit declaration of built-in function 'sprintf' [-Wbuiltin-declaration-mismatch]
 1007 |                                                   sprintf(buf, "%d:0%d:%d", sTime.Hours, sTime.Minutes, sTime.Seconds);
      |                                                   ^~~~~~~
../Core/Src/main.c:1007:51: note: include '<stdio.h>' or provide a declaration of 'sprintf'
../Core/Src/main.c:1010:51: warning: incompatible implicit declaration of built-in function 'sprintf' [-Wbuiltin-declaration-mismatch]
 1010 |                                                   sprintf(buf, "0%d:%d:%d", sTime.Hours, sTime.Minutes, sTime.Seconds);
      |                                                   ^~~~~~~
../Core/Src/main.c:1010:51: note: include '<stdio.h>' or provide a declaration of 'sprintf'
../Core/Src/main.c:1012:51: warning: incompatible implicit declaration of built-in function 'sprintf' [-Wbuiltin-declaration-mismatch]
 1012 |                                                   sprintf(buf, "%d:%d:%d", sTime.Hours, sTime.Minutes, sTime.Seconds);
      |                                                   ^~~~~~~
../Core/Src/main.c:1012:51: note: include '<stdio.h>' or provide a declaration of 'sprintf'
[...]
arm-none-eabi-gcc "../Drivers/STM32G0xx_HAL_Driver/Src/stm32g0xx_hal_i2c_ex.c" -mcpu=cortex-m0plus -std=gnu11 -g3 -DDEBUG -DUSE_HAL_DRIVER -DSTM32G030xx -c -I../Core/Inc -I../Drivers/STM32G0xx_HAL_Driver/Inc -I../Drivers/STM32G0xx_HAL_Driver/Inc/Legacy -I../Drivers/CMSIS/Device/ST/STM32G0xx/Include -I../Drivers/CMSIS/Include -O1 -ffunction-sections -fdata-sections -Wall -fstack-usage -fcyclomatic-complexity -MMD -MP -MF"Drivers/STM32G0xx_HAL_Driver/Src/stm32g0xx_hal_i2c_ex.d" -MT"Drivers/STM32G0xx_HAL_Driver/Src/stm32g0xx_hal_i2c_ex.o" --specs=nano.specs -mfloat-abi=soft -mthumb -o "Drivers/STM32G0xx_HAL_Driver/Src/stm32g0xx_hal_i2c_ex.o"
arm-none-eabi-gcc "../Drivers/STM32G0xx_HAL_Driver/Src/stm32g0xx_hal_pwr.c" -mcpu=cortex-m0plus -std=gnu11 -g3 -DDEBUG -DUSE_HAL_DRIVER -DSTM32G030xx -c -I../Core/Inc -I../Drivers/STM32G0xx_HAL_Driver/Inc -I../Drivers/STM32G0xx_HAL_Driver/Inc/Legacy -I../Drivers/CMSIS/Device/ST/STM32G0xx/Include -I../Drivers/CMSIS/Include -O1 -ffunction-sections -fdata-sections -Wall -fstack-usage -fcyclomatic-complexity -MMD -MP -MF"Drivers/STM32G0xx_HAL_Driver/Src/stm32g0xx_hal_pwr.d" -MT"Drivers/STM32G0xx_HAL_Driver/Src/stm32g0xx_hal_pwr.o" --specs=nano.specs -mfloat-abi=soft -mthumb -o "Drivers/STM32G0xx_HAL_Driver/Src/stm32g0xx_hal_pwr.o"
arm-none-eabi-gcc "../Drivers/STM32G0xx_HAL_Driver/Src/stm32g0xx_hal_pwr_ex.c" -mcpu=cortex-m0plus -std=gnu11 -g3 -DDEBUG -DUSE_HAL_DRIVER -DSTM32G030xx -c -I../Core/Inc -I../Drivers/STM32G0xx_HAL_Driver/Inc -I../Drivers/STM32G0xx_HAL_Driver/Inc/Legacy -I../Drivers/CMSIS/Device/ST/STM32G0xx/Include -I../Drivers/CMSIS/Include -O1 -ffunction-sections -fdata-sections -Wall -fstack-usage -fcyclomatic-complexity -MMD -MP -MF"Drivers/STM32G0xx_HAL_Driver/Src/stm32g0xx_hal_pwr_ex.d" -MT"Drivers/STM32G0xx_HAL_Driver/Src/stm32g0xx_hal_pwr_ex.o" --specs=nano.specs -mfloat-abi=soft -mthumb -o "Drivers/STM32G0xx_HAL_Driver/Src/stm32g0xx_hal_pwr_ex.o"
arm-none-eabi-gcc "../Drivers/STM32G0xx_HAL_Driver/Src/stm32g0xx_hal_rcc.c" -mcpu=cortex-m0plus -std=gnu11 -g3 -DDEBUG -DUSE_HAL_DRIVER -DSTM32G030xx -c -I../Core/Inc -I../Drivers/STM32G0xx_HAL_Driver/Inc -I../Drivers/STM32G0xx_HAL_Driver/Inc/Legacy -I../Drivers/CMSIS/Device/ST/STM32G0xx/Include -I../Drivers/CMSIS/Include -O1 -ffunction-sections -fdata-sections -Wall -fstack-usage -fcyclomatic-complexity -MMD -MP -MF"Drivers/STM32G0xx_HAL_Driver/Src/stm32g0xx_hal_rcc.d" -MT"Drivers/STM32G0xx_HAL_Driver/Src/stm32g0xx_hal_rcc.o" --specs=nano.specs -mfloat-abi=soft -mthumb -o "Drivers/STM32G0xx_HAL_Driver/Src/stm32g0xx_hal_rcc.o"
arm-none-eabi-gcc "../Drivers/STM32G0xx_HAL_Driver/Src/stm32g0xx_hal_rcc_ex.c" -mcpu=cortex-m0plus -std=gnu11 -g3 -DDEBUG -DUSE_HAL_DRIVER -DSTM32G030xx -c -I../Core/Inc -I../Drivers/STM32G0xx_HAL_Driver/Inc -I../Drivers/STM32G0xx_HAL_Driver/Inc/Legacy -I../Drivers/CMSIS/Device/ST/STM32G0xx/Include -I../Drivers/CMSIS/Include -O1 -ffunction-sections -fdata-sections -Wall -fstack-usage -fcyclomatic-complexity -MMD -MP -MF"Drivers/STM32G0xx_HAL_Driver/Src/stm32g0xx_hal_rcc_ex.d" -MT"Drivers/STM32G0xx_HAL_Driver/Src/stm32g0xx_hal_rcc_ex.o" --specs=nano.specs -mfloat-abi=soft -mthumb -o "Drivers/STM32G0xx_HAL_Driver/Src/stm32g0xx_hal_rcc_ex.o"
arm-none-eabi-gcc "../Drivers/STM32G0xx_HAL_Driver/Src/stm32g0xx_hal_rtc.c" -mcpu=cortex-m0plus -std=gnu11 -g3 -DDEBUG -DUSE_HAL_DRIVER -DSTM32G030xx -c -I../Core/Inc -I../Drivers/STM32G0xx_HAL_Driver/Inc -I../Drivers/STM32G0xx_HAL_Driver/Inc/Legacy -I../Drivers/CMSIS/Device/ST/STM32G0xx/Include -I../Drivers/CMSIS/Include -O1 -ffunction-sections -fdata-sections -Wall -fstack-usage -fcyclomatic-complexity -MMD -MP -MF"Drivers/STM32G0xx_HAL_Driver/Src/stm32g0xx_hal_rtc.d" -MT"Drivers/STM32G0xx_HAL_Driver/Src/stm32g0xx_hal_rtc.o" --specs=nano.specs -mfloat-abi=soft -mthumb -o "Drivers/STM32G0xx_HAL_Driver/Src/stm32g0xx_hal_rtc.o"
arm-none-eabi-gcc "../Drivers/STM32G0xx_HAL_Driver/Src/stm32g0xx_hal_rtc_ex.c" -mcpu=cortex-m0plus -std=gnu11 -g3 -DDEBUG -DUSE_HAL_DRIVER -DSTM32G030xx -c -I../Core/Inc -I../Drivers/STM32G0xx_HAL_Driver/Inc -I../Drivers/STM32G0xx_HAL_Driver/Inc/Legacy -I../Drivers/CMSIS/Device/ST/STM32G0xx/Include -I../Drivers/CMSIS/Include -O1 -ffunction-sections -fdata-sections -Wall -fstack-usage -fcyclomatic-complexity -MMD -MP -MF"Drivers/STM32G0xx_HAL_Driver/Src/stm32g0xx_hal_rtc_ex.d" -MT"Drivers/STM32G0xx_HAL_Driver/Src/stm32g0xx_hal_rtc_ex.o" --specs=nano.specs -mfloat-abi=soft -mthumb -o "Drivers/STM32G0xx_HAL_Driver/Src/stm32g0xx_hal_rtc_ex.o"
arm-none-eabi-gcc "../Drivers/STM32G0xx_HAL_Driver/Src/stm32g0xx_hal_tim.c" -mcpu=cortex-m0plus -std=gnu11 -g3 -DDEBUG -DUSE_HAL_DRIVER -DSTM32G030xx -c -I../Core/Inc -I../Drivers/STM32G0xx_HAL_Driver/Inc -I../Drivers/STM32G0xx_HAL_Driver/Inc/Legacy -I../Drivers/CMSIS/Device/ST/STM32G0xx/Include -I../Drivers/CMSIS/Include -O1 -ffunction-sections -fdata-sections -Wall -fstack-usage -fcyclomatic-complexity -MMD -MP -MF"Drivers/STM32G0xx_HAL_Driver/Src/stm32g0xx_hal_tim.d" -MT"Drivers/STM32G0xx_HAL_Driver/Src/stm32g0xx_hal_tim.o" --specs=nano.specs -mfloat-abi=soft -mthumb -o "Drivers/STM32G0xx_HAL_Driver/Src/stm32g0xx_hal_tim.o"
arm-none-eabi-gcc "../Drivers/STM32G0xx_HAL_Driver/Src/stm32g0xx_hal_tim_ex.c" -mcpu=cortex-m0plus -std=gnu11 -g3 -DDEBUG -DUSE_HAL_DRIVER -DSTM32G030xx -c -I../Core/Inc -I../Drivers/STM32G0xx_HAL_Driver/Inc -I../Drivers/STM32G0xx_HAL_Driver/Inc/Legacy -I../Drivers/CMSIS/Device/ST/STM32G0xx/Include -I../Drivers/CMSIS/Include -O1 -ffunction-sections -fdata-sections -Wall -fstack-usage -fcyclomatic-complexity -MMD -MP -MF"Drivers/STM32G0xx_HAL_Driver/Src/stm32g0xx_hal_tim_ex.d" -MT"Drivers/STM32G0xx_HAL_Driver/Src/stm32g0xx_hal_tim_ex.o" --specs=nano.specs -mfloat-abi=soft -mthumb -o "Drivers/STM32G0xx_HAL_Driver/Src/stm32g0xx_hal_tim_ex.o"
arm-none-eabi-gcc "../Drivers/STM32G0xx_HAL_Driver/Src/stm32g0xx_ll_adc.c" -mcpu=cortex-m0plus -std=gnu11 -g3 -DDEBUG -DUSE_HAL_DRIVER -DSTM32G030xx -c -I../Core/Inc -I../Drivers/STM32G0xx_HAL_Driver/Inc -I../Drivers/STM32G0xx_HAL_Driver/Inc/Legacy -I../Drivers/CMSIS/Device/ST/STM32G0xx/Include -I../Drivers/CMSIS/Include -O1 -ffunction-sections -fdata-sections -Wall -fstack-usage -fcyclomatic-complexity -MMD -MP -MF"Drivers/STM32G0xx_HAL_Driver/Src/stm32g0xx_ll_adc.d" -MT"Drivers/STM32G0xx_HAL_Driver/Src/stm32g0xx_ll_adc.o" --specs=nano.specs -mfloat-abi=soft -mthumb -o "Drivers/STM32G0xx_HAL_Driver/Src/stm32g0xx_ll_adc.o"
arm-none-eabi-gcc "../Drivers/STM32G0xx_HAL_Driver/Src/stm32g0xx_ll_rcc.c" -mcpu=cortex-m0plus -std=gnu11 -g3 -DDEBUG -DUSE_HAL_DRIVER -DSTM32G030xx -c -I../Core/Inc -I../Drivers/STM32G0xx_HAL_Driver/Inc -I../Drivers/STM32G0xx_HAL_Driver/Inc/Legacy -I../Drivers/CMSIS/Device/ST/STM32G0xx/Include -I../Drivers/CMSIS/Include -O1 -ffunction-sections -fdata-sections -Wall -fstack-usage -fcyclomatic-complexity -MMD -MP -MF"Drivers/STM32G0xx_HAL_Driver/Src/stm32g0xx_ll_rcc.d" -MT"Drivers/STM32G0xx_HAL_Driver/Src/stm32g0xx_ll_rcc.o" --specs=nano.specs -mfloat-abi=soft -mthumb -o "Drivers/STM32G0xx_HAL_Driver/Src/stm32g0xx_ll_rcc.o"
arm-none-eabi-gcc "../Core/Src/main.c" -mcpu=cortex-m0plus -std=gnu11 -g3 -DDEBUG -DUSE_HAL_DRIVER -DSTM32G030xx -c -I../Core/Inc -I../Drivers/STM32G0xx_HAL_Driver/Inc -I../Drivers/STM32G0xx_HAL_Driver/Inc/Legacy -I../Drivers/CMSIS/Device/ST/STM32G0xx/Include -I../Drivers/CMSIS/Include -O1 -ffunction-sections -fdata-sections -Wall -fstack-usage -fcyclomatic-complexity -MMD -MP -MF"Core/Src/main.d" -MT"Core/Src/main.o" --specs=nano.specs -mfloat-abi=soft -mthumb -o "Core/Src/main.o"
arm-none-eabi-gcc "../Core/Src/ssd1306.c" -mcpu=cortex-m0plus -std=gnu11 -g3 -DDEBUG -DUSE_HAL_DRIVER -DSTM32G030xx -c -I../Core/Inc -I../Drivers/STM32G0xx_HAL_Driver/Inc -I../Drivers/STM32G0xx_HAL_Driver/Inc/Legacy -I../Drivers/CMSIS/Device/ST/STM32G0xx/Include -I../Drivers/CMSIS/Include -O1 -ffunction-sections -fdata-sections -Wall -fstack-usage -fcyclomatic-complexity -MMD -MP -MF"Core/Src/ssd1306.d" -MT"Core/Src/ssd1306.o" --specs=nano.specs -mfloat-abi=soft -mthumb -o "Core/Src/ssd1306.o"
arm-none-eabi-gcc "../Core/Src/stm32g0xx_hal_msp.c" -mcpu=cortex-m0plus -std=gnu11 -g3 -DDEBUG -DUSE_HAL_DRIVER -DSTM32G030xx -c -I../Core/Inc -I../Drivers/STM32G0xx_HAL_Driver/Inc -I../Drivers/STM32G0xx_HAL_Driver/Inc/Legacy -I../Drivers/CMSIS/Device/ST/STM32G0xx/Include -I../Drivers/CMSIS/Include -O1 -ffunction-sections -fdata-sections -Wall -fstack-usage -fcyclomatic-complexity -MMD -MP -MF"Core/Src/stm32g0xx_hal_msp.d" -MT"Core/Src/stm32g0xx_hal_msp.o" --specs=nano.specs -mfloat-abi=soft -mthumb -o "Core/Src/stm32g0xx_hal_msp.o"
arm-none-eabi-gcc "../Core/Src/stm32g0xx_it.c" -mcpu=cortex-m0plus -std=gnu11 -g3 -DDEBUG -DUSE_HAL_DRIVER -DSTM32G030xx -c -I../Core/Inc -I../Drivers/STM32G0xx_HAL_Driver/Inc -I../Drivers/STM32G0xx_HAL_Driver/Inc/Legacy -I../Drivers/CMSIS/Device/ST/STM32G0xx/Include -I../Drivers/CMSIS/Include -O1 -ffunction-sections -fdata-sections -Wall -fstack-usage -fcyclomatic-complexity -MMD -MP -MF"Core/Src/stm32g0xx_it.d" -MT"Core/Src/stm32g0xx_it.o" --specs=nano.specs -mfloat-abi=soft -mthumb -o "Core/Src/stm32g0xx_it.o"
../Core/Src/main.c: In function 'main':
../Core/Src/main.c:276:10: warning: implicit declaration of function 'snprintf' [-Wimplicit-function-declaration]
  276 |          snprintf(buf, sizeof(buf), "%d.%dkh/h", real_speed1, real_speed2);
      |          ^~~~~~~~
../Core/Src/main.c:25:1: note: include '<stdio.h>' or provide a declaration of 'snprintf'
   24 | #include "ssd1306.h"
  +++ |+#include <stdio.h>
   25 | /* USER CODE END Includes */
../Core/Src/main.c:276:10: warning: incompatible implicit declaration of built-in function 'snprintf' [-Wbuiltin-declaration-mismatch]
  276 |          snprintf(buf, sizeof(buf), "%d.%dkh/h", real_speed1, real_speed2);
      |          ^~~~~~~~
../Core/Src/main.c:276:10: note: include '<stdio.h>' or provide a declaration of 'snprintf'
../Core/Src/main.c:281:9: warning: incompatible implicit declaration of built-in function 'snprintf' [-Wbuiltin-declaration-mismatch]
  281 |         snprintf(buf, sizeof(buf), "0 kh/h");
      |         ^~~~~~~~
../Core/Src/main.c:281:9: note: include '<stdio.h>' or provide a declaration of 'snprintf'
../Core/Src/main.c:321:17: warning: implicit declaration of function 'sprintf' [-Wimplicit-function-declaration]
  321 |                 sprintf(buf, "Set time");
      |                 ^~~~~~~
../Core/Src/main.c:321:17: note: include '<stdio.h>' or provide a declaration of 'sprintf'
../Core/Src/main.c:321:17: warning: incompatible implicit declaration of built-in function 'sprintf' [-Wbuiltin-declaration-mismatch]
../Core/Src/main.c:321:17: note: include '<stdio.h>' or provide a declaration of 'sprintf'
../Core/Src/main.c:428:17: warning: incompatible implicit declaration of built-in function 'sprintf' [-Wbuiltin-declaration-mismatch]
  428 |                 sprintf(buf, "Wheel");
      |                 ^~~~~~~
../Core/Src/main.c:428:17: note: include '<stdio.h>' or provide a declaration of 'sprintf'
../Core/Src/main.c: In function 'WriteTime':
../Core/Src/main.c:949:27: warning: incompatible implicit declaration of built-in function 'sprintf' [-Wbuiltin-declaration-mismatch]
  949 |                           sprintf(buf, "0%d:0%d:0%d", sTime.Hours, sTime.Minutes, sTime.Seconds);
      |                           ^~~~~~~
../Core/Src/main.c:949:27: note: include '<stdio.h>' or provide a declaration of 'sprintf'
../Core/Src/main.c:952:27: warning: incompatible implicit declaration of built-in function 'sprintf' [-Wbuiltin-declaration-mismatch]
  952 |                           sprintf(buf, "%d:0%d:0%d", sTime.Hours, sTime.Minutes, sTime.Seconds);
      |                           ^~~~~~~
../Core/Src/main.c:952:27: note: include '<stdio.h>' or provide a declaration of 'sprintf'
../Core/Src/main.c:955:27: warning: incompatible implicit declaration of built-in function 'sprintf' [-Wbuiltin-declaration-mismatch]
  955 |                           sprintf(buf, "0%d:%d:0%d", sTime.Hours, sTime.Minutes, sTime.Seconds);
      |                           ^~~~~~~
../Core/Src/main.c:955:27: note: include '<stdio.h>' or provide a declaration of 'sprintf'
../Core/Src/main.c:958:27: warning: incompatible implicit declaration of built-in function 'sprintf' [-Wbuiltin-declaration-mismatch]
  958 |                           sprintf(buf, "0%d:0%d:%d", sTime.Hours, sTime.Minutes, sTime.Seconds);
      |                           ^~~~~~~
../Core/Src/main.c:958:27: note: include '<stdio.h>' or provide a declaration of 'sprintf'
../Core/Src/main.c:961:27: warning: incompatible implicit declaration of built-in function 'sprintf' [-Wbuiltin-declaration-mismatch]
  961 |                           sprintf(buf, "%d:%d:0%d", sTime.Hours, sTime.Minutes, sTime.Seconds);
      |                           ^~~~~~~
../Core/Src/main.c:961:27: note: include '<stdio.h>' or provide a declaration of 'sprintf'
../Core/Src/main.c:964:27: warning: incompatible implicit declaration of built-in function 'sprintf' [-Wbuiltin-declaration-mismatch]
  964 |                           sprintf(buf, "%d:0%d:%d", sTime.Hours, sTime.Minutes, sTime.Seconds);
      |                           ^~~~~~~
../Core/Src/main.c:964:27: note: include '<stdio.h>' or provide a declaration of 'sprintf'
../Core/Src/main.c:967:27: warning: incompatible implicit declaration of built-in function 'sprintf' [-Wbuiltin-declaration-mismatch]
  967 |                           sprintf(buf, "0%d:%d:%d", sTime.Hours, sTime.Minutes, sTime.Seconds);
      |                           ^~~~~~~
../Core/Src/main.c:967:27: note: include '<stdio.h>' or provide a declaration of 'sprintf'
../Core/Src/main.c:969:27: warning: incompatible implicit declaration of built-in function 'sprintf' [-Wbuiltin-declaration-mismatch]
  969 |                           sprintf(buf, "%d:%d:%d", sTime.Hours, sTime.Minutes, sTime.Seconds);
      |                           ^~~~~~~
../Core/Src/main.c:969:27: note: include '<stdio.h>' or provide a declaration of 'sprintf'
../Core/Src/main.c: In function 'WriteBatteryCharge':
../Core/Src/main.c:1003:18: warning: incompatible implicit declaration of built-in function 'sprintf' [-Wbuiltin-declaration-mismatch]
 1003 |                  sprintf(buf, "%d", adc[0]);
      |                  ^~~~~~~
../Core/Src/main.c:1003:18: note: include '<stdio.h>' or provide a declaration of 'sprintf'
../Core/Src/main.c: In function 'ConfigTime':
../Core/Src/main.c:1011:51: warning: incompatible implicit declaration of built-in function 'sprintf' [-Wbuiltin-declaration-mismatch]
 1011 |                                                   sprintf(buf, "0%d:0%d:0%d", sTime.Hours, sTime.Minutes, sTime.Seconds);
      |                                                   ^~~~~~~
../Core/Src/main.c:1011:51: note: include '<stdio.h>' or provide a declaration of 'sprintf'
../Core/Src/main.c:1014:51: warning: incompatible implicit declaration of built-in function 'sprintf' [-Wbuiltin-declaration-mismatch]
 1014 |                                                   sprintf(buf, "%d:0%d:0%d", sTime.Hours, sTime.Minutes, sTime.Seconds);
      |                                                   ^~~~~~~
../Core/Src/main.c:1014:51: note: include '<stdio.h>' or provide a declaration of 'sprintf'
../Core/Src/main.c:1017:51: warning: incompatible implicit declaration of built-in function 'sprintf' [-Wbuiltin-declaration-mismatch]
 1017 |                                                   sprintf(buf, "0%d:%d:0%d", sTime.Hours, sTime.Minutes, sTime.Seconds);
      |                                                   ^~~~~~~
../Core/Src/main.c:1017:51: note: include '<stdio.h>' or provide a declaration of 'sprintf'
../Core/Src/main.c:1020:51: warning: incompatible implicit declaration of built-in function 'sprintf' [-Wbuiltin-declaration-mismatch]
 1020 |                                                   sprintf(buf, "0%d:0%d:%d", sTime.Hours, sTime.Minutes, sTime.Seconds);
      |                                                   ^~~~~~~
../Core/Src/main.c:1020:51: note: include '<stdio.h>' or provide a declaration of 'sprintf'
../Core/Src/main.c:1023:51: warning: incompatible implicit declaration of built-in function 'sprintf' [-Wbuiltin-declaration-mismatch]
 1023 |                                                   sprintf(buf, "%d:%d:0%d", sTime.Hours, sTime.Minutes, sTime.Seconds);
      |                                                   ^~~~~~~
../Core/Src/main.c:1023:51: note: include '<stdio.h>' or provide a declaration of 'sprintf'
../Core/Src/main.c:1026:51: warning: incompatible implicit declaration of built-in function 'sprintf' [-Wbuiltin-declaration-mismatch]
 1026 |                                                   sprintf(buf, "%d:0%d:%d", sTime.Hours, sTime.Minutes, sTime.Seconds);
      |                                                   ^~~~~~~
../Core/Src/main.c:1026:51: note: include '<stdio.h>' or provide a declaration of 'sprintf'
../Core/Src/main.c:1029:51: warning: incompatible implicit declaration of built-in function 'sprintf' [-Wbuiltin-declaration-mismatch]
 1029 |                                                   sprintf(buf, "0%d:%d:%d", sTime.Hours, sTime.Minutes, sTime.Seconds);
      |                                                   ^~~~~~~
../Core/Src/main.c:1029:51: note: include '<stdio.h>' or provide a declaration of 'sprintf'
../Core/Src/main.c:1031:51: warning: incompatible implicit declaration of built-in function 'sprintf' [-Wbuiltin-declaration-mismatch]
 1031 |                                                   sprintf(buf, "%d:%d:%d", sTime.Hours, sTime.Minutes, sTime.Seconds);
      |                                                   ^~~~~~~
../Core/Src/main.c:1031:51: note: include '<stdio.h>' or provide a declaration of 'sprintf'
arm-none-eabi-gcc "../Core/Src/system_stm32g0xx.c" -mcpu=cortex-m0plus -std=gnu11 -g3 -DDEBUG -DUSE_HAL_DRIVER -DSTM32G030xx -c -I../Core/Inc -I../Drivers/STM32G0xx_HAL_Driver/Inc -I../Drivers/STM32G0xx_HAL_Driver/Inc/Legacy -I../Drivers/CMSIS/Device/ST/STM32G0xx/Include -I../Drivers/CMSIS/Include -O1 -ffunction-sections -fdata-sections -Wall -fstack-usage -fcyclomatic-complexity -MMD -MP -MF"Core/Src/system_stm32g0xx.d" -MT"Core/Src/system_stm32g0xx.o" --specs=nano.specs -mfloat-abi=soft -mthumb -o "Core/Src/system_stm32g0xx.o"
arm-none-eabi-gcc -o "Smart_Speedometr.elf" @"objects.list"   -mcpu=cortex-m0plus -T"/Users/admin/Desktop/SmartSpeedometr/Smart_Speedometr/STM32G030F6PX_FLASH.ld" --specs=nosys.specs -Wl,-Map="Smart_Speedometr.map" -Wl,--gc-sections -static --specs=nano.specs -mfloat-abi=soft -mthumb -Wl,--start-group -lc -lm -Wl,--end-group
Finished building target: Smart_Speedometr.elf
 
arm-none-eabi-size  Smart_Speedometr.elf 
arm-none-eabi-objdump -h -S Smart_Speedometr.elf  > "Smart_Speedometr.list"
   text	   data	    bss	    dec	    hex	filename
  29080	    116	   3628	  32824	   8038	Smart_Speedometr.elf
Finished building: default.size.stdout
 
Finished building: Smart_Speedometr.list
 
14:12:43 **** Incremental Build of configuration Debug for project Smart_Speedometr ****
make -j7 all 
arm-none-eabi-size  Smart_Speedometr.elf 
   text	   data	    bss	    dec	    hex	filename
  29080	    116	   3628	  32824	   8038	Smart_Speedometr.elf
Finished building: default.size.stdout
 
14:16:05 **** Incremental Build of configuration Debug for project Smart_Speedometr ****
make -j7 all 
arm-none-eabi-size  Smart_Speedometr.elf 
   text	   data	    bss	    dec	    hex	filename
  29080	    116	   3628	  32824	   8038	Smart_Speedometr.elf
Finished building: default.size.stdout
 
