00:15:53 **** Build of configuration Debug for project RGR1 ****
make -j7 all 
arm-none-eabi-gcc "../Drivers/STM32F1xx_HAL_Driver/Src/stm32f1xx_hal.c" -mcpu=cortex-m3 -std=gnu11 -g3 -DDEBUG -DUSE_HAL_DRIVER -DSTM32F103xB -c -I../Core/Inc -I../Drivers/STM32F1xx_HAL_Driver/Inc/Legacy -I../Drivers/STM32F1xx_HAL_Driver/Inc -I../Drivers/CMSIS/Device/ST/STM32F1xx/Include -I../Drivers/CMSIS/Include -O0 -ffunction-sections -fdata-sections -Wall -fstack-usage -fcyclomatic-complexity -MMD -MP -MF"Drivers/STM32F1xx_HAL_Driver/Src/stm32f1xx_hal.d" -MT"Drivers/STM32F1xx_HAL_Driver/Src/stm32f1xx_hal.o" --specs=nano.specs -mfloat-abi=soft -mthumb -o "Drivers/STM32F1xx_HAL_Driver/Src/stm32f1xx_hal.o"
arm-none-eabi-gcc "../Drivers/STM32F1xx_HAL_Driver/Src/stm32f1xx_hal_adc.c" -mcpu=cortex-m3 -std=gnu11 -g3 -DDEBUG -DUSE_HAL_DRIVER -DSTM32F103xB -c -I../Core/Inc -I../Drivers/STM32F1xx_HAL_Driver/Inc/Legacy -I../Drivers/STM32F1xx_HAL_Driver/Inc -I../Drivers/CMSIS/Device/ST/STM32F1xx/Include -I../Drivers/CMSIS/Include -O0 -ffunction-sections -fdata-sections -Wall -fstack-usage -fcyclomatic-complexity -MMD -MP -MF"Drivers/STM32F1xx_HAL_Driver/Src/stm32f1xx_hal_adc.d" -MT"Drivers/STM32F1xx_HAL_Driver/Src/stm32f1xx_hal_adc.o" --specs=nano.specs -mfloat-abi=soft -mthumb -o "Drivers/STM32F1xx_HAL_Driver/Src/stm32f1xx_hal_adc.o"
arm-none-eabi-gcc "../Drivers/STM32F1xx_HAL_Driver/Src/stm32f1xx_hal_adc_ex.c" -mcpu=cortex-m3 -std=gnu11 -g3 -DDEBUG -DUSE_HAL_DRIVER -DSTM32F103xB -c -I../Core/Inc -I../Drivers/STM32F1xx_HAL_Driver/Inc/Legacy -I../Drivers/STM32F1xx_HAL_Driver/Inc -I../Drivers/CMSIS/Device/ST/STM32F1xx/Include -I../Drivers/CMSIS/Include -O0 -ffunction-sections -fdata-sections -Wall -fstack-usage -fcyclomatic-complexity -MMD -MP -MF"Drivers/STM32F1xx_HAL_Driver/Src/stm32f1xx_hal_adc_ex.d" -MT"Drivers/STM32F1xx_HAL_Driver/Src/stm32f1xx_hal_adc_ex.o" --specs=nano.specs -mfloat-abi=soft -mthumb -o "Drivers/STM32F1xx_HAL_Driver/Src/stm32f1xx_hal_adc_ex.o"
arm-none-eabi-gcc "../Drivers/STM32F1xx_HAL_Driver/Src/stm32f1xx_hal_cortex.c" -mcpu=cortex-m3 -std=gnu11 -g3 -DDEBUG -DUSE_HAL_DRIVER -DSTM32F103xB -c -I../Core/Inc -I../Drivers/STM32F1xx_HAL_Driver/Inc/Legacy -I../Drivers/STM32F1xx_HAL_Driver/Inc -I../Drivers/CMSIS/Device/ST/STM32F1xx/Include -I../Drivers/CMSIS/Include -O0 -ffunction-sections -fdata-sections -Wall -fstack-usage -fcyclomatic-complexity -MMD -MP -MF"Drivers/STM32F1xx_HAL_Driver/Src/stm32f1xx_hal_cortex.d" -MT"Drivers/STM32F1xx_HAL_Driver/Src/stm32f1xx_hal_cortex.o" --specs=nano.specs -mfloat-abi=soft -mthumb -o "Drivers/STM32F1xx_HAL_Driver/Src/stm32f1xx_hal_cortex.o"
arm-none-eabi-gcc "../Drivers/STM32F1xx_HAL_Driver/Src/stm32f1xx_hal_dma.c" -mcpu=cortex-m3 -std=gnu11 -g3 -DDEBUG -DUSE_HAL_DRIVER -DSTM32F103xB -c -I../Core/Inc -I../Drivers/STM32F1xx_HAL_Driver/Inc/Legacy -I../Drivers/STM32F1xx_HAL_Driver/Inc -I../Drivers/CMSIS/Device/ST/STM32F1xx/Include -I../Drivers/CMSIS/Include -O0 -ffunction-sections -fdata-sections -Wall -fstack-usage -fcyclomatic-complexity -MMD -MP -MF"Drivers/STM32F1xx_HAL_Driver/Src/stm32f1xx_hal_dma.d" -MT"Drivers/STM32F1xx_HAL_Driver/Src/stm32f1xx_hal_dma.o" --specs=nano.specs -mfloat-abi=soft -mthumb -o "Drivers/STM32F1xx_HAL_Driver/Src/stm32f1xx_hal_dma.o"
arm-none-eabi-gcc "../Drivers/STM32F1xx_HAL_Driver/Src/stm32f1xx_hal_exti.c" -mcpu=cortex-m3 -std=gnu11 -g3 -DDEBUG -DUSE_HAL_DRIVER -DSTM32F103xB -c -I../Core/Inc -I../Drivers/STM32F1xx_HAL_Driver/Inc/Legacy -I../Drivers/STM32F1xx_HAL_Driver/Inc -I../Drivers/CMSIS/Device/ST/STM32F1xx/Include -I../Drivers/CMSIS/Include -O0 -ffunction-sections -fdata-sections -Wall -fstack-usage -fcyclomatic-complexity -MMD -MP -MF"Drivers/STM32F1xx_HAL_Driver/Src/stm32f1xx_hal_exti.d" -MT"Drivers/STM32F1xx_HAL_Driver/Src/stm32f1xx_hal_exti.o" --specs=nano.specs -mfloat-abi=soft -mthumb -o "Drivers/STM32F1xx_HAL_Driver/Src/stm32f1xx_hal_exti.o"
arm-none-eabi-gcc "../Drivers/STM32F1xx_HAL_Driver/Src/stm32f1xx_hal_flash.c" -mcpu=cortex-m3 -std=gnu11 -g3 -DDEBUG -DUSE_HAL_DRIVER -DSTM32F103xB -c -I../Core/Inc -I../Drivers/STM32F1xx_HAL_Driver/Inc/Legacy -I../Drivers/STM32F1xx_HAL_Driver/Inc -I../Drivers/CMSIS/Device/ST/STM32F1xx/Include -I../Drivers/CMSIS/Include -O0 -ffunction-sections -fdata-sections -Wall -fstack-usage -fcyclomatic-complexity -MMD -MP -MF"Drivers/STM32F1xx_HAL_Driver/Src/stm32f1xx_hal_flash.d" -MT"Drivers/STM32F1xx_HAL_Driver/Src/stm32f1xx_hal_flash.o" --specs=nano.specs -mfloat-abi=soft -mthumb -o "Drivers/STM32F1xx_HAL_Driver/Src/stm32f1xx_hal_flash.o"
arm-none-eabi-gcc "../Drivers/STM32F1xx_HAL_Driver/Src/stm32f1xx_hal_flash_ex.c" -mcpu=cortex-m3 -std=gnu11 -g3 -DDEBUG -DUSE_HAL_DRIVER -DSTM32F103xB -c -I../Core/Inc -I../Drivers/STM32F1xx_HAL_Driver/Inc/Legacy -I../Drivers/STM32F1xx_HAL_Driver/Inc -I../Drivers/CMSIS/Device/ST/STM32F1xx/Include -I../Drivers/CMSIS/Include -O0 -ffunction-sections -fdata-sections -Wall -fstack-usage -fcyclomatic-complexity -MMD -MP -MF"Drivers/STM32F1xx_HAL_Driver/Src/stm32f1xx_hal_flash_ex.d" -MT"Drivers/STM32F1xx_HAL_Driver/Src/stm32f1xx_hal_flash_ex.o" --specs=nano.specs -mfloat-abi=soft -mthumb -o "Drivers/STM32F1xx_HAL_Driver/Src/stm32f1xx_hal_flash_ex.o"
arm-none-eabi-gcc "../Drivers/STM32F1xx_HAL_Driver/Src/stm32f1xx_hal_gpio.c" -mcpu=cortex-m3 -std=gnu11 -g3 -DDEBUG -DUSE_HAL_DRIVER -DSTM32F103xB -c -I../Core/Inc -I../Drivers/STM32F1xx_HAL_Driver/Inc/Legacy -I../Drivers/STM32F1xx_HAL_Driver/Inc -I../Drivers/CMSIS/Device/ST/STM32F1xx/Include -I../Drivers/CMSIS/Include -O0 -ffunction-sections -fdata-sections -Wall -fstack-usage -fcyclomatic-complexity -MMD -MP -MF"Drivers/STM32F1xx_HAL_Driver/Src/stm32f1xx_hal_gpio.d" -MT"Drivers/STM32F1xx_HAL_Driver/Src/stm32f1xx_hal_gpio.o" --specs=nano.specs -mfloat-abi=soft -mthumb -o "Drivers/STM32F1xx_HAL_Driver/Src/stm32f1xx_hal_gpio.o"
arm-none-eabi-gcc "../Drivers/STM32F1xx_HAL_Driver/Src/stm32f1xx_hal_gpio_ex.c" -mcpu=cortex-m3 -std=gnu11 -g3 -DDEBUG -DUSE_HAL_DRIVER -DSTM32F103xB -c -I../Core/Inc -I../Drivers/STM32F1xx_HAL_Driver/Inc/Legacy -I../Drivers/STM32F1xx_HAL_Driver/Inc -I../Drivers/CMSIS/Device/ST/STM32F1xx/Include -I../Drivers/CMSIS/Include -O0 -ffunction-sections -fdata-sections -Wall -fstack-usage -fcyclomatic-complexity -MMD -MP -MF"Drivers/STM32F1xx_HAL_Driver/Src/stm32f1xx_hal_gpio_ex.d" -MT"Drivers/STM32F1xx_HAL_Driver/Src/stm32f1xx_hal_gpio_ex.o" --specs=nano.specs -mfloat-abi=soft -mthumb -o "Drivers/STM32F1xx_HAL_Driver/Src/stm32f1xx_hal_gpio_ex.o"
arm-none-eabi-gcc "../Drivers/STM32F1xx_HAL_Driver/Src/stm32f1xx_hal_i2c.c" -mcpu=cortex-m3 -std=gnu11 -g3 -DDEBUG -DUSE_HAL_DRIVER -DSTM32F103xB -c -I../Core/Inc -I../Drivers/STM32F1xx_HAL_Driver/Inc/Legacy -I../Drivers/STM32F1xx_HAL_Driver/Inc -I../Drivers/CMSIS/Device/ST/STM32F1xx/Include -I../Drivers/CMSIS/Include -O0 -ffunction-sections -fdata-sections -Wall -fstack-usage -fcyclomatic-complexity -MMD -MP -MF"Drivers/STM32F1xx_HAL_Driver/Src/stm32f1xx_hal_i2c.d" -MT"Drivers/STM32F1xx_HAL_Driver/Src/stm32f1xx_hal_i2c.o" --specs=nano.specs -mfloat-abi=soft -mthumb -o "Drivers/STM32F1xx_HAL_Driver/Src/stm32f1xx_hal_i2c.o"
arm-none-eabi-gcc "../Drivers/STM32F1xx_HAL_Driver/Src/stm32f1xx_hal_pwr.c" -mcpu=cortex-m3 -std=gnu11 -g3 -DDEBUG -DUSE_HAL_DRIVER -DSTM32F103xB -c -I../Core/Inc -I../Drivers/STM32F1xx_HAL_Driver/Inc/Legacy -I../Drivers/STM32F1xx_HAL_Driver/Inc -I../Drivers/CMSIS/Device/ST/STM32F1xx/Include -I../Drivers/CMSIS/Include -O0 -ffunction-sections -fdata-sections -Wall -fstack-usage -fcyclomatic-complexity -MMD -MP -MF"Drivers/STM32F1xx_HAL_Driver/Src/stm32f1xx_hal_pwr.d" -MT"Drivers/STM32F1xx_HAL_Driver/Src/stm32f1xx_hal_pwr.o" --specs=nano.specs -mfloat-abi=soft -mthumb -o "Drivers/STM32F1xx_HAL_Driver/Src/stm32f1xx_hal_pwr.o"
arm-none-eabi-gcc "../Drivers/STM32F1xx_HAL_Driver/Src/stm32f1xx_hal_rcc.c" -mcpu=cortex-m3 -std=gnu11 -g3 -DDEBUG -DUSE_HAL_DRIVER -DSTM32F103xB -c -I../Core/Inc -I../Drivers/STM32F1xx_HAL_Driver/Inc/Legacy -I../Drivers/STM32F1xx_HAL_Driver/Inc -I../Drivers/CMSIS/Device/ST/STM32F1xx/Include -I../Drivers/CMSIS/Include -O0 -ffunction-sections -fdata-sections -Wall -fstack-usage -fcyclomatic-complexity -MMD -MP -MF"Drivers/STM32F1xx_HAL_Driver/Src/stm32f1xx_hal_rcc.d" -MT"Drivers/STM32F1xx_HAL_Driver/Src/stm32f1xx_hal_rcc.o" --specs=nano.specs -mfloat-abi=soft -mthumb -o "Drivers/STM32F1xx_HAL_Driver/Src/stm32f1xx_hal_rcc.o"
arm-none-eabi-gcc "../Drivers/STM32F1xx_HAL_Driver/Src/stm32f1xx_hal_rcc_ex.c" -mcpu=cortex-m3 -std=gnu11 -g3 -DDEBUG -DUSE_HAL_DRIVER -DSTM32F103xB -c -I../Core/Inc -I../Drivers/STM32F1xx_HAL_Driver/Inc/Legacy -I../Drivers/STM32F1xx_HAL_Driver/Inc -I../Drivers/CMSIS/Device/ST/STM32F1xx/Include -I../Drivers/CMSIS/Include -O0 -ffunction-sections -fdata-sections -Wall -fstack-usage -fcyclomatic-complexity -MMD -MP -MF"Drivers/STM32F1xx_HAL_Driver/Src/stm32f1xx_hal_rcc_ex.d" -MT"Drivers/STM32F1xx_HAL_Driver/Src/stm32f1xx_hal_rcc_ex.o" --specs=nano.specs -mfloat-abi=soft -mthumb -o "Drivers/STM32F1xx_HAL_Driver/Src/stm32f1xx_hal_rcc_ex.o"
arm-none-eabi-gcc "../Drivers/STM32F1xx_HAL_Driver/Src/stm32f1xx_hal_rtc.c" -mcpu=cortex-m3 -std=gnu11 -g3 -DDEBUG -DUSE_HAL_DRIVER -DSTM32F103xB -c -I../Core/Inc -I../Drivers/STM32F1xx_HAL_Driver/Inc/Legacy -I../Drivers/STM32F1xx_HAL_Driver/Inc -I../Drivers/CMSIS/Device/ST/STM32F1xx/Include -I../Drivers/CMSIS/Include -O0 -ffunction-sections -fdata-sections -Wall -fstack-usage -fcyclomatic-complexity -MMD -MP -MF"Drivers/STM32F1xx_HAL_Driver/Src/stm32f1xx_hal_rtc.d" -MT"Drivers/STM32F1xx_HAL_Driver/Src/stm32f1xx_hal_rtc.o" --specs=nano.specs -mfloat-abi=soft -mthumb -o "Drivers/STM32F1xx_HAL_Driver/Src/stm32f1xx_hal_rtc.o"
arm-none-eabi-gcc "../Drivers/STM32F1xx_HAL_Driver/Src/stm32f1xx_hal_rtc_ex.c" -mcpu=cortex-m3 -std=gnu11 -g3 -DDEBUG -DUSE_HAL_DRIVER -DSTM32F103xB -c -I../Core/Inc -I../Drivers/STM32F1xx_HAL_Driver/Inc/Legacy -I../Drivers/STM32F1xx_HAL_Driver/Inc -I../Drivers/CMSIS/Device/ST/STM32F1xx/Include -I../Drivers/CMSIS/Include -O0 -ffunction-sections -fdata-sections -Wall -fstack-usage -fcyclomatic-complexity -MMD -MP -MF"Drivers/STM32F1xx_HAL_Driver/Src/stm32f1xx_hal_rtc_ex.d" -MT"Drivers/STM32F1xx_HAL_Driver/Src/stm32f1xx_hal_rtc_ex.o" --specs=nano.specs -mfloat-abi=soft -mthumb -o "Drivers/STM32F1xx_HAL_Driver/Src/stm32f1xx_hal_rtc_ex.o"
arm-none-eabi-gcc "../Drivers/STM32F1xx_HAL_Driver/Src/stm32f1xx_hal_tim.c" -mcpu=cortex-m3 -std=gnu11 -g3 -DDEBUG -DUSE_HAL_DRIVER -DSTM32F103xB -c -I../Core/Inc -I../Drivers/STM32F1xx_HAL_Driver/Inc/Legacy -I../Drivers/STM32F1xx_HAL_Driver/Inc -I../Drivers/CMSIS/Device/ST/STM32F1xx/Include -I../Drivers/CMSIS/Include -O0 -ffunction-sections -fdata-sections -Wall -fstack-usage -fcyclomatic-complexity -MMD -MP -MF"Drivers/STM32F1xx_HAL_Driver/Src/stm32f1xx_hal_tim.d" -MT"Drivers/STM32F1xx_HAL_Driver/Src/stm32f1xx_hal_tim.o" --specs=nano.specs -mfloat-abi=soft -mthumb -o "Drivers/STM32F1xx_HAL_Driver/Src/stm32f1xx_hal_tim.o"
arm-none-eabi-gcc "../Drivers/STM32F1xx_HAL_Driver/Src/stm32f1xx_hal_tim_ex.c" -mcpu=cortex-m3 -std=gnu11 -g3 -DDEBUG -DUSE_HAL_DRIVER -DSTM32F103xB -c -I../Core/Inc -I../Drivers/STM32F1xx_HAL_Driver/Inc/Legacy -I../Drivers/STM32F1xx_HAL_Driver/Inc -I../Drivers/CMSIS/Device/ST/STM32F1xx/Include -I../Drivers/CMSIS/Include -O0 -ffunction-sections -fdata-sections -Wall -fstack-usage -fcyclomatic-complexity -MMD -MP -MF"Drivers/STM32F1xx_HAL_Driver/Src/stm32f1xx_hal_tim_ex.d" -MT"Drivers/STM32F1xx_HAL_Driver/Src/stm32f1xx_hal_tim_ex.o" --specs=nano.specs -mfloat-abi=soft -mthumb -o "Drivers/STM32F1xx_HAL_Driver/Src/stm32f1xx_hal_tim_ex.o"
arm-none-eabi-gcc -mcpu=cortex-m3 -g3 -DDEBUG -c -x assembler-with-cpp -MMD -MP -MF"Core/Startup/startup_stm32f103c8tx.d" -MT"Core/Startup/startup_stm32f103c8tx.o" --specs=nano.specs -mfloat-abi=soft -mthumb -o "Core/Startup/startup_stm32f103c8tx.o" "../Core/Startup/startup_stm32f103c8tx.s"
arm-none-eabi-gcc "../Core/Src/font.c" -mcpu=cortex-m3 -std=gnu11 -g3 -DDEBUG -DUSE_HAL_DRIVER -DSTM32F103xB -c -I../Core/Inc -I../Drivers/STM32F1xx_HAL_Driver/Inc/Legacy -I../Drivers/STM32F1xx_HAL_Driver/Inc -I../Drivers/CMSIS/Device/ST/STM32F1xx/Include -I../Drivers/CMSIS/Include -O0 -ffunction-sections -fdata-sections -Wall -fstack-usage -fcyclomatic-complexity -MMD -MP -MF"Core/Src/font.d" -MT"Core/Src/font.o" --specs=nano.specs -mfloat-abi=soft -mthumb -o "Core/Src/font.o"
arm-none-eabi-gcc "../Core/Src/main.c" -mcpu=cortex-m3 -std=gnu11 -g3 -DDEBUG -DUSE_HAL_DRIVER -DSTM32F103xB -c -I../Core/Inc -I../Drivers/STM32F1xx_HAL_Driver/Inc/Legacy -I../Drivers/STM32F1xx_HAL_Driver/Inc -I../Drivers/CMSIS/Device/ST/STM32F1xx/Include -I../Drivers/CMSIS/Include -O0 -ffunction-sections -fdata-sections -Wall -fstack-usage -fcyclomatic-complexity -MMD -MP -MF"Core/Src/main.d" -MT"Core/Src/main.o" --specs=nano.specs -mfloat-abi=soft -mthumb -o "Core/Src/main.o"
arm-none-eabi-gcc "../Core/Src/ssd1306.c" -mcpu=cortex-m3 -std=gnu11 -g3 -DDEBUG -DUSE_HAL_DRIVER -DSTM32F103xB -c -I../Core/Inc -I../Drivers/STM32F1xx_HAL_Driver/Inc/Legacy -I../Drivers/STM32F1xx_HAL_Driver/Inc -I../Drivers/CMSIS/Device/ST/STM32F1xx/Include -I../Drivers/CMSIS/Include -O0 -ffunction-sections -fdata-sections -Wall -fstack-usage -fcyclomatic-complexity -MMD -MP -MF"Core/Src/ssd1306.d" -MT"Core/Src/ssd1306.o" --specs=nano.specs -mfloat-abi=soft -mthumb -o "Core/Src/ssd1306.o"
arm-none-eabi-gcc "../Core/Src/stm32f1xx_hal_msp.c" -mcpu=cortex-m3 -std=gnu11 -g3 -DDEBUG -DUSE_HAL_DRIVER -DSTM32F103xB -c -I../Core/Inc -I../Drivers/STM32F1xx_HAL_Driver/Inc/Legacy -I../Drivers/STM32F1xx_HAL_Driver/Inc -I../Drivers/CMSIS/Device/ST/STM32F1xx/Include -I../Drivers/CMSIS/Include -O0 -ffunction-sections -fdata-sections -Wall -fstack-usage -fcyclomatic-complexity -MMD -MP -MF"Core/Src/stm32f1xx_hal_msp.d" -MT"Core/Src/stm32f1xx_hal_msp.o" --specs=nano.specs -mfloat-abi=soft -mthumb -o "Core/Src/stm32f1xx_hal_msp.o"
../Core/Src/main.c: In function 'main':
../Core/Src/main.c:218:17: warning: pointer targets in passing argument 1 of 'sprintf' differ in signedness [-Wpointer-sign]
  218 |         sprintf(buf, "%d.%dC", temp_dec, temp_remainders);
      |                 ^~~
      |                 |
      |                 uint8_t * {aka unsigned char *}
In file included from ../Core/Src/main.c:25:
/Applications/STM32CubeIDE.app/Contents/Eclipse/plugins/com.st.stm32cube.ide.mcu.externaltools.gnu-tools-for-stm32.13.3.rel1.macos64_1.0.0.202411102158/tools/arm-none-eabi/include/stdio.h:250:18: note: expected 'char * restrict' but argument is of type 'uint8_t *' {aka 'unsigned char *'}
  250 | int     sprintf (char *__restrict, const char *__restrict, ...)
      |                  ^
../Core/Src/main.c:220:29: warning: pointer targets in passing argument 1 of 'ssd1306_WriteString' differ in signedness [-Wpointer-sign]
  220 |         ssd1306_WriteString(buf, Font_7x10);
      |                             ^~~
      |                             |
      |                             uint8_t * {aka unsigned char *}
In file included from ../Core/Src/main.c:24:
../Core/Inc/ssd1306.h:139:32: note: expected 'char *' but argument is of type 'uint8_t *' {aka 'unsigned char *'}
  139 | char ssd1306_WriteString(char* str, FontDef Font);
      |                          ~~~~~~^~~
../Core/Src/main.c:222:1: warning: this 'for' clause does not guard... [-Wmisleading-indentation]
  222 | for(int i = 0; i < 128;i++)
      | ^~~
../Core/Src/main.c:225:9: note: ...this statement, but the latter is misleadingly indented as if it were guarded by the 'for'
  225 |         ssd1306_SetCursor(0, 35);
      |         ^~~~~~~~~~~~~~~~~
../Core/Src/main.c:236:17: warning: pointer targets in passing argument 1 of 'sprintf' differ in signedness [-Wpointer-sign]
  236 |         sprintf(buf, "%d.%dC", temp_dec, temp_remainders);
      |                 ^~~
      |                 |
      |                 uint8_t * {aka unsigned char *}
/Applications/STM32CubeIDE.app/Contents/Eclipse/plugins/com.st.stm32cube.ide.mcu.externaltools.gnu-tools-for-stm32.13.3.rel1.macos64_1.0.0.202411102158/tools/arm-none-eabi/include/stdio.h:250:18: note: expected 'char * restrict' but argument is of type 'uint8_t *' {aka 'unsigned char *'}
  250 | int     sprintf (char *__restrict, const char *__restrict, ...)
      |                  ^
../Core/Src/main.c:238:29: warning: pointer targets in passing argument 1 of 'ssd1306_WriteString' differ in signedness [-Wpointer-sign]
  238 |         ssd1306_WriteString(buf, Font_7x10);
      |                             ^~~
      |                             |
      |                             uint8_t * {aka unsigned char *}
../Core/Inc/ssd1306.h:139:32: note: expected 'char *' but argument is of type 'uint8_t *' {aka 'unsigned char *'}
  139 | char ssd1306_WriteString(char* str, FontDef Font);
      |                          ~~~~~~^~~
../Core/Src/main.c:253:25: warning: pointer targets in passing argument 1 of 'sprintf' differ in signedness [-Wpointer-sign]
  253 |                 sprintf(buf, "%d.%dC", temp_dec, temp_remainders);
      |                         ^~~
      |                         |
      |                         uint8_t * {aka unsigned char *}
/Applications/STM32CubeIDE.app/Contents/Eclipse/plugins/com.st.stm32cube.ide.mcu.externaltools.gnu-tools-for-stm32.13.3.rel1.macos64_1.0.0.202411102158/tools/arm-none-eabi/include/stdio.h:250:18: note: expected 'char * restrict' but argument is of type 'uint8_t *' {aka 'unsigned char *'}
  250 | int     sprintf (char *__restrict, const char *__restrict, ...)
      |                  ^
../Core/Src/main.c:255:37: warning: pointer targets in passing argument 1 of 'ssd1306_WriteString' differ in signedness [-Wpointer-sign]
  255 |                 ssd1306_WriteString(buf, Font_7x10);
      |                                     ^~~
      |                                     |
      |                                     uint8_t * {aka unsigned char *}
../Core/Inc/ssd1306.h:139:32: note: expected 'char *' but argument is of type 'uint8_t *' {aka 'unsigned char *'}
  139 | char ssd1306_WriteString(char* str, FontDef Font);
      |                          ~~~~~~^~~
../Core/Src/main.c:257:9: warning: this 'for' clause does not guard... [-Wmisleading-indentation]
  257 |         for(int i = 0; i < 128;i++)
      |         ^~~
../Core/Src/main.c:260:17: note: ...this statement, but the latter is misleadingly indented as if it were guarded by the 'for'
  260 |                 ssd1306_SetCursor(0, 35);
      |                 ^~~~~~~~~~~~~~~~~
../Core/Src/main.c:271:25: warning: pointer targets in passing argument 1 of 'sprintf' differ in signedness [-Wpointer-sign]
  271 |                 sprintf(buf, "%d.%dC", temp_dec, temp_remainders);
      |                         ^~~
      |                         |
      |                         uint8_t * {aka unsigned char *}
/Applications/STM32CubeIDE.app/Contents/Eclipse/plugins/com.st.stm32cube.ide.mcu.externaltools.gnu-tools-for-stm32.13.3.rel1.macos64_1.0.0.202411102158/tools/arm-none-eabi/include/stdio.h:250:18: note: expected 'char * restrict' but argument is of type 'uint8_t *' {aka 'unsigned char *'}
  250 | int     sprintf (char *__restrict, const char *__restrict, ...)
      |                  ^
../Core/Src/main.c:273:37: warning: pointer targets in passing argument 1 of 'ssd1306_WriteString' differ in signedness [-Wpointer-sign]
  273 |                 ssd1306_WriteString(buf, Font_7x10);
      |                                     ^~~
      |                                     |
      |                                     uint8_t * {aka unsigned char *}
../Core/Inc/ssd1306.h:139:32: note: expected 'char *' but argument is of type 'uint8_t *' {aka 'unsigned char *'}
  139 | char ssd1306_WriteString(char* str, FontDef Font);
      |                          ~~~~~~^~~
../Core/Src/main.c:287:25: warning: pointer targets in passing argument 1 of 'sprintf' differ in signedness [-Wpointer-sign]
  287 |                 sprintf(buf, "%d.%dC", temp_dec, temp_remainders);
      |                         ^~~
      |                         |
      |                         uint8_t * {aka unsigned char *}
/Applications/STM32CubeIDE.app/Contents/Eclipse/plugins/com.st.stm32cube.ide.mcu.externaltools.gnu-tools-for-stm32.13.3.rel1.macos64_1.0.0.202411102158/tools/arm-none-eabi/include/stdio.h:250:18: note: expected 'char * restrict' but argument is of type 'uint8_t *' {aka 'unsigned char *'}
  250 | int     sprintf (char *__restrict, const char *__restrict, ...)
      |                  ^
../Core/Src/main.c:289:37: warning: pointer targets in passing argument 1 of 'ssd1306_WriteString' differ in signedness [-Wpointer-sign]
  289 |                 ssd1306_WriteString(buf, Font_7x10);
      |                                     ^~~
      |                                     |
      |                                     uint8_t * {aka unsigned char *}
../Core/Inc/ssd1306.h:139:32: note: expected 'char *' but argument is of type 'uint8_t *' {aka 'unsigned char *'}
  139 | char ssd1306_WriteString(char* str, FontDef Font);
      |                          ~~~~~~^~~
../Core/Src/main.c:291:9: warning: this 'for' clause does not guard... [-Wmisleading-indentation]
  291 |         for(int i = 0; i < 128;i++)
      |         ^~~
../Core/Src/main.c:294:17: note: ...this statement, but the latter is misleadingly indented as if it were guarded by the 'for'
  294 |                 ssd1306_SetCursor(0, 35);
      |                 ^~~~~~~~~~~~~~~~~
../Core/Src/main.c:305:25: warning: pointer targets in passing argument 1 of 'sprintf' differ in signedness [-Wpointer-sign]
  305 |                 sprintf(buf, "%d.%dC", temp_dec, temp_remainders);
      |                         ^~~
      |                         |
      |                         uint8_t * {aka unsigned char *}
/Applications/STM32CubeIDE.app/Contents/Eclipse/plugins/com.st.stm32cube.ide.mcu.externaltools.gnu-tools-for-stm32.13.3.rel1.macos64_1.0.0.202411102158/tools/arm-none-eabi/include/stdio.h:250:18: note: expected 'char * restrict' but argument is of type 'uint8_t *' {aka 'unsigned char *'}
  250 | int     sprintf (char *__restrict, const char *__restrict, ...)
      |                  ^
../Core/Src/main.c:307:37: warning: pointer targets in passing argument 1 of 'ssd1306_WriteString' differ in signedness [-Wpointer-sign]
  307 |                 ssd1306_WriteString(buf, Font_7x10);
      |                                     ^~~
      |                                     |
      |                                     uint8_t * {aka unsigned char *}
../Core/Inc/ssd1306.h:139:32: note: expected 'char *' but argument is of type 'uint8_t *' {aka 'unsigned char *'}
arm-none-eabi-gcc "../Core/Src/stm32f1xx_it.c" -mcpu=cortex-m3 -std=gnu11 -g3 -DDEBUG -DUSE_HAL_DRIVER -DSTM32F103xB -c -I../Core/Inc -I../Drivers/STM32F1xx_HAL_Driver/Inc/Legacy -I../Drivers/STM32F1xx_HAL_Driver/Inc -I../Drivers/CMSIS/Device/ST/STM32F1xx/Include -I../Drivers/CMSIS/Include -O0 -ffunction-sections -fdata-sections -Wall -fstack-usage -fcyclomatic-complexity -MMD -MP -MF"Core/Src/stm32f1xx_it.d" -MT"Core/Src/stm32f1xx_it.o" --specs=nano.specs -mfloat-abi=soft -mthumb -o "Core/Src/stm32f1xx_it.o"
  139 | char ssd1306_WriteString(char* str, FontDef Font);
      |                          ~~~~~~^~~
../Core/Src/main.c:321:25: warning: pointer targets in passing argument 1 of 'sprintf' differ in signedness [-Wpointer-sign]
  321 |                 sprintf(buf, "%d.%dC", temp_dec, temp_remainders);
      |                         ^~~
      |                         |
      |                         uint8_t * {aka unsigned char *}
/Applications/STM32CubeIDE.app/Contents/Eclipse/plugins/com.st.stm32cube.ide.mcu.externaltools.gnu-tools-for-stm32.13.3.rel1.macos64_1.0.0.202411102158/tools/arm-none-eabi/include/stdio.h:250:18: note: expected 'char * restrict' but argument is of type 'uint8_t *' {aka 'unsigned char *'}
  250 | int     sprintf (char *__restrict, const char *__restrict, ...)
      |                  ^
../Core/Src/main.c:323:37: warning: pointer targets in passing argument 1 of 'ssd1306_WriteString' differ in signedness [-Wpointer-sign]
  323 |                 ssd1306_WriteString(buf, Font_7x10);
      |                                     ^~~
      |                                     |
      |                                     uint8_t * {aka unsigned char *}
../Core/Inc/ssd1306.h:139:32: note: expected 'char *' but argument is of type 'uint8_t *' {aka 'unsigned char *'}
  139 | char ssd1306_WriteString(char* str, FontDef Font);
      |                          ~~~~~~^~~
../Core/Src/main.c:325:9: warning: this 'for' clause does not guard... [-Wmisleading-indentation]
  325 |         for(int i = 0; i < 128;i++)
      |         ^~~
../Core/Src/main.c:328:17: note: ...this statement, but the latter is misleadingly indented as if it were guarded by the 'for'
  328 |                 ssd1306_SetCursor(0, 35);
      |                 ^~~~~~~~~~~~~~~~~
../Core/Src/main.c:339:25: warning: pointer targets in passing argument 1 of 'sprintf' differ in signedness [-Wpointer-sign]
  339 |                 sprintf(buf, "%d.%dC", temp_dec, temp_remainders);
      |                         ^~~
      |                         |
      |                         uint8_t * {aka unsigned char *}
/Applications/STM32CubeIDE.app/Contents/Eclipse/plugins/com.st.stm32cube.ide.mcu.externaltools.gnu-tools-for-stm32.13.3.rel1.macos64_1.0.0.202411102158/tools/arm-none-eabi/include/stdio.h:250:18: note: expected 'char * restrict' but argument is of type 'uint8_t *' {aka 'unsigned char *'}
  250 | int     sprintf (char *__restrict, const char *__restrict, ...)
      |                  ^
../Core/Src/main.c:341:37: warning: pointer targets in passing argument 1 of 'ssd1306_WriteString' differ in signedness [-Wpointer-sign]
  341 |                 ssd1306_WriteString(buf, Font_7x10);
      |                                     ^~~
      |                                     |
      |                                     uint8_t * {aka unsigned char *}
../Core/Inc/ssd1306.h:139:32: note: expected 'char *' but argument is of type 'uint8_t *' {aka 'unsigned char *'}
  139 | char ssd1306_WriteString(char* str, FontDef Font);
      |                          ~~~~~~^~~
../Core/Src/main.c:355:25: warning: pointer targets in passing argument 1 of 'sprintf' differ in signedness [-Wpointer-sign]
  355 |                 sprintf(buf, "%d.%dC", temp_dec, temp_remainders);
      |                         ^~~
      |                         |
      |                         uint8_t * {aka unsigned char *}
/Applications/STM32CubeIDE.app/Contents/Eclipse/plugins/com.st.stm32cube.ide.mcu.externaltools.gnu-tools-for-stm32.13.3.rel1.macos64_1.0.0.202411102158/tools/arm-none-eabi/include/stdio.h:250:18: note: expected 'char * restrict' but argument is of type 'uint8_t *' {aka 'unsigned char *'}
  250 | int     sprintf (char *__restrict, const char *__restrict, ...)
      |                  ^
../Core/Src/main.c:357:37: warning: pointer targets in passing argument 1 of 'ssd1306_WriteString' differ in signedness [-Wpointer-sign]
  357 |                 ssd1306_WriteString(buf, Font_7x10);
      |                                     ^~~
      |                                     |
      |                                     uint8_t * {aka unsigned char *}
../Core/Inc/ssd1306.h:139:32: note: expected 'char *' but argument is of type 'uint8_t *' {aka 'unsigned char *'}
  139 | char ssd1306_WriteString(char* str, FontDef Font);
      |                          ~~~~~~^~~
../Core/Src/main.c:359:9: warning: this 'for' clause does not guard... [-Wmisleading-indentation]
  359 |         for(int i = 0; i < 128;i++)
      |         ^~~
../Core/Src/main.c:362:17: note: ...this statement, but the latter is misleadingly indented as if it were guarded by the 'for'
  362 |                 ssd1306_SetCursor(0, 35);
      |                 ^~~~~~~~~~~~~~~~~
../Core/Src/main.c:373:25: warning: pointer targets in passing argument 1 of 'sprintf' differ in signedness [-Wpointer-sign]
  373 |                 sprintf(buf, "%d.%dC", temp_dec, temp_remainders);
      |                         ^~~
      |                         |
      |                         uint8_t * {aka unsigned char *}
/Applications/STM32CubeIDE.app/Contents/Eclipse/plugins/com.st.stm32cube.ide.mcu.externaltools.gnu-tools-for-stm32.13.3.rel1.macos64_1.0.0.202411102158/tools/arm-none-eabi/include/stdio.h:250:18: note: expected 'char * restrict' but argument is of type 'uint8_t *' {aka 'unsigned char *'}
  250 | int     sprintf (char *__restrict, const char *__restrict, ...)
      |                  ^
../Core/Src/main.c:375:37: warning: pointer targets in passing argument 1 of 'ssd1306_WriteString' differ in signedness [-Wpointer-sign]
  375 |                 ssd1306_WriteString(buf, Font_7x10);
      |                                     ^~~
      |                                     |
      |                                     uint8_t * {aka unsigned char *}
../Core/Inc/ssd1306.h:139:32: note: expected 'char *' but argument is of type 'uint8_t *' {aka 'unsigned char *'}
  139 | char ssd1306_WriteString(char* str, FontDef Font);
      |                          ~~~~~~^~~
../Core/Src/main.c:190:47: warning: '%d' directive writing between 1 and 3 bytes into a region of size between 2 and 6 [-Wformat-overflow=]
  190 |                 sprintf(Temp1[0].time, "%d:%d:%d",sTime.Hours, sTime.Minutes, sTime.Seconds);
      |                                               ^~
../Core/Src/main.c:190:40: note: directive argument in the range [0, 255]
  190 |                 sprintf(Temp1[0].time, "%d:%d:%d",sTime.Hours, sTime.Minutes, sTime.Seconds);
      |                                        ^~~~~~~~~~
../Core/Src/main.c:190:17: note: 'sprintf' output between 6 and 12 bytes into a destination of size 10
  190 |                 sprintf(Temp1[0].time, "%d:%d:%d",sTime.Hours, sTime.Minutes, sTime.Seconds);
      |                 ^~~~~~~~~~~~~~~~~~~~~~~~~~~~~~~~~~~~~~~~~~~~~~~~~~~~~~~~~~~~~~~~~~~~~~~~~~~~
../Core/Src/main.c:175:59: warning: '%d' directive writing between 1 and 3 bytes into a region of size between 2 and 6 [-Wformat-overflow=]
  175 |                 sprintf(Temp1[numb_of_write].time, "%d:%d:%d",sTime.Hours, sTime.Minutes, sTime.Seconds);
      |                                                           ^~
../Core/Src/main.c:175:52: note: directive argument in the range [0, 255]
  175 |                 sprintf(Temp1[numb_of_write].time, "%d:%d:%d",sTime.Hours, sTime.Minutes, sTime.Seconds);
      |                                                    ^~~~~~~~~~
../Core/Src/main.c:175:17: note: 'sprintf' output between 6 and 12 bytes into a destination of size 10
  175 |                 sprintf(Temp1[numb_of_write].time, "%d:%d:%d",sTime.Hours, sTime.Minutes, sTime.Seconds);
      |                 ^~~~~~~~~~~~~~~~~~~~~~~~~~~~~~~~~~~~~~~~~~~~~~~~~~~~~~~~~~~~~~~~~~~~~~~~~~~~~~~~~~~~~~~~
../Core/Src/main.c:355:34: warning: '%d' directive writing between 1 and 3 bytes into a region of size between 2 and 4 [-Wformat-overflow=]
  355 |                 sprintf(buf, "%d.%dC", temp_dec, temp_remainders);
      |                                  ^~
../Core/Src/main.c:355:30: note: directive argument in the range [0, 255]
  355 |                 sprintf(buf, "%d.%dC", temp_dec, temp_remainders);
      |                              ^~~~~~~~
../Core/Src/main.c:355:17: note: 'sprintf' output between 5 and 9 bytes into a destination of size 6
  355 |                 sprintf(buf, "%d.%dC", temp_dec, temp_remainders);
      |                 ^~~~~~~~~~~~~~~~~~~~~~~~~~~~~~~~~~~~~~~~~~~~~~~~~
../Core/Src/main.c:373:34: warning: '%d' directive writing between 1 and 3 bytes into a region of size between 2 and 4 [-Wformat-overflow=]
  373 |                 sprintf(buf, "%d.%dC", temp_dec, temp_remainders);
      |                                  ^~
../Core/Src/main.c:373:30: note: directive argument in the range [0, 255]
  373 |                 sprintf(buf, "%d.%dC", temp_dec, temp_remainders);
      |                              ^~~~~~~~
../Core/Src/main.c:373:17: note: 'sprintf' output between 5 and 9 bytes into a destination of size 6
  373 |                 sprintf(buf, "%d.%dC", temp_dec, temp_remainders);
      |                 ^~~~~~~~~~~~~~~~~~~~~~~~~~~~~~~~~~~~~~~~~~~~~~~~~
../Core/Src/main.c:321:34: warning: '%d' directive writing between 1 and 3 bytes into a region of size between 2 and 4 [-Wformat-overflow=]
  321 |                 sprintf(buf, "%d.%dC", temp_dec, temp_remainders);
      |                                  ^~
../Core/Src/main.c:321:30: note: directive argument in the range [0, 255]
  321 |                 sprintf(buf, "%d.%dC", temp_dec, temp_remainders);
      |                              ^~~~~~~~
../Core/Src/main.c:321:17: note: 'sprintf' output between 5 and 9 bytes into a destination of size 6
  321 |                 sprintf(buf, "%d.%dC", temp_dec, temp_remainders);
      |                 ^~~~~~~~~~~~~~~~~~~~~~~~~~~~~~~~~~~~~~~~~~~~~~~~~
../Core/Src/main.c:339:34: warning: '%d' directive writing between 1 and 3 bytes into a region of size between 2 and 4 [-Wformat-overflow=]
  339 |                 sprintf(buf, "%d.%dC", temp_dec, temp_remainders);
      |                                  ^~
../Core/Src/main.c:339:30: note: directive argument in the range [0, 255]
  339 |                 sprintf(buf, "%d.%dC", temp_dec, temp_remainders);
      |                              ^~~~~~~~
../Core/Src/main.c:339:17: note: 'sprintf' output between 5 and 9 bytes into a destination of size 6
  339 |                 sprintf(buf, "%d.%dC", temp_dec, temp_remainders);
      |                 ^~~~~~~~~~~~~~~~~~~~~~~~~~~~~~~~~~~~~~~~~~~~~~~~~
../Core/Src/main.c:287:34: warning: '%d' directive writing between 1 and 3 bytes into a region of size between 2 and 4 [-Wformat-overflow=]
  287 |                 sprintf(buf, "%d.%dC", temp_dec, temp_remainders);
      |                                  ^~
../Core/Src/main.c:287:30: note: directive argument in the range [0, 255]
  287 |                 sprintf(buf, "%d.%dC", temp_dec, temp_remainders);
      |                              ^~~~~~~~
../Core/Src/main.c:287:17: note: 'sprintf' output between 5 and 9 bytes into a destination of size 6
  287 |                 sprintf(buf, "%d.%dC", temp_dec, temp_remainders);
      |                 ^~~~~~~~~~~~~~~~~~~~~~~~~~~~~~~~~~~~~~~~~~~~~~~~~
../Core/Src/main.c:305:34: warning: '%d' directive writing between 1 and 3 bytes into a region of size between 2 and 4 [-Wformat-overflow=]
  305 |                 sprintf(buf, "%d.%dC", temp_dec, temp_remainders);
      |                                  ^~
../Core/Src/main.c:305:30: note: directive argument in the range [0, 255]
  305 |                 sprintf(buf, "%d.%dC", temp_dec, temp_remainders);
      |                              ^~~~~~~~
../Core/Src/main.c:305:17: note: 'sprintf' output between 5 and 9 bytes into a destination of size 6
  305 |                 sprintf(buf, "%d.%dC", temp_dec, temp_remainders);
      |                 ^~~~~~~~~~~~~~~~~~~~~~~~~~~~~~~~~~~~~~~~~~~~~~~~~
../Core/Src/main.c:253:34: warning: '%d' directive writing between 1 and 3 bytes into a region of size between 2 and 4 [-Wformat-overflow=]
  253 |                 sprintf(buf, "%d.%dC", temp_dec, temp_remainders);
      |                                  ^~
../Core/Src/main.c:253:30: note: directive argument in the range [0, 255]
  253 |                 sprintf(buf, "%d.%dC", temp_dec, temp_remainders);
      |                              ^~~~~~~~
../Core/Src/main.c:253:17: note: 'sprintf' output between 5 and 9 bytes into a destination of size 6
  253 |                 sprintf(buf, "%d.%dC", temp_dec, temp_remainders);
      |                 ^~~~~~~~~~~~~~~~~~~~~~~~~~~~~~~~~~~~~~~~~~~~~~~~~
../Core/Src/main.c:271:34: warning: '%d' directive writing between 1 and 3 bytes into a region of size between 2 and 4 [-Wformat-overflow=]
  271 |                 sprintf(buf, "%d.%dC", temp_dec, temp_remainders);
      |                                  ^~
../Core/Src/main.c:271:30: note: directive argument in the range [0, 255]
  271 |                 sprintf(buf, "%d.%dC", temp_dec, temp_remainders);
      |                              ^~~~~~~~
../Core/Src/main.c:271:17: note: 'sprintf' output between 5 and 9 bytes into a destination of size 6
  271 |                 sprintf(buf, "%d.%dC", temp_dec, temp_remainders);
      |                 ^~~~~~~~~~~~~~~~~~~~~~~~~~~~~~~~~~~~~~~~~~~~~~~~~
../Core/Src/main.c:218:26: warning: '%d' directive writing between 1 and 3 bytes into a region of size between 2 and 4 [-Wformat-overflow=]
  218 |         sprintf(buf, "%d.%dC", temp_dec, temp_remainders);
      |                          ^~
../Core/Src/main.c:218:22: note: directive argument in the range [0, 255]
  218 |         sprintf(buf, "%d.%dC", temp_dec, temp_remainders);
      |                      ^~~~~~~~
../Core/Src/main.c:218:9: note: 'sprintf' output between 5 and 9 bytes into a destination of size 6
  218 |         sprintf(buf, "%d.%dC", temp_dec, temp_remainders);
      |         ^~~~~~~~~~~~~~~~~~~~~~~~~~~~~~~~~~~~~~~~~~~~~~~~~
../Core/Src/main.c:236:26: warning: '%d' directive writing between 1 and 3 bytes into a region of size between 2 and 4 [-Wformat-overflow=]
  236 |         sprintf(buf, "%d.%dC", temp_dec, temp_remainders);
      |                          ^~
../Core/Src/main.c:236:22: note: directive argument in the range [0, 255]
  236 |         sprintf(buf, "%d.%dC", temp_dec, temp_remainders);
      |                      ^~~~~~~~
../Core/Src/main.c:236:9: note: 'sprintf' output between 5 and 9 bytes into a destination of size 6
  236 |         sprintf(buf, "%d.%dC", temp_dec, temp_remainders);
      |         ^~~~~~~~~~~~~~~~~~~~~~~~~~~~~~~~~~~~~~~~~~~~~~~~~
../Core/Src/stm32f1xx_it.c: In function 'TIM2_IRQHandler':
../Core/Src/stm32f1xx_it.c:259:1: warning: this 'if' clause does not guard... [-Wmisleading-indentation]
  259 | if(tim2 >= 200)
      | ^~
../Core/Src/stm32f1xx_it.c:261:9: note: ...this statement, but the latter is misleadingly indented as if it were guarded by the 'if'
  261 |         HAL_NVIC_EnableIRQ(EXTI0_IRQn);
      |         ^~~~~~~~~~~~~~~~~~
arm-none-eabi-gcc "../Core/Src/syscalls.c" -mcpu=cortex-m3 -std=gnu11 -g3 -DDEBUG -DUSE_HAL_DRIVER -DSTM32F103xB -c -I../Core/Inc -I../Drivers/STM32F1xx_HAL_Driver/Inc/Legacy -I../Drivers/STM32F1xx_HAL_Driver/Inc -I../Drivers/CMSIS/Device/ST/STM32F1xx/Include -I../Drivers/CMSIS/Include -O0 -ffunction-sections -fdata-sections -Wall -fstack-usage -fcyclomatic-complexity -MMD -MP -MF"Core/Src/syscalls.d" -MT"Core/Src/syscalls.o" --specs=nano.specs -mfloat-abi=soft -mthumb -o "Core/Src/syscalls.o"
arm-none-eabi-gcc "../Core/Src/sysmem.c" -mcpu=cortex-m3 -std=gnu11 -g3 -DDEBUG -DUSE_HAL_DRIVER -DSTM32F103xB -c -I../Core/Inc -I../Drivers/STM32F1xx_HAL_Driver/Inc/Legacy -I../Drivers/STM32F1xx_HAL_Driver/Inc -I../Drivers/CMSIS/Device/ST/STM32F1xx/Include -I../Drivers/CMSIS/Include -O0 -ffunction-sections -fdata-sections -Wall -fstack-usage -fcyclomatic-complexity -MMD -MP -MF"Core/Src/sysmem.d" -MT"Core/Src/sysmem.o" --specs=nano.specs -mfloat-abi=soft -mthumb -o "Core/Src/sysmem.o"
arm-none-eabi-gcc "../Core/Src/system_stm32f1xx.c" -mcpu=cortex-m3 -std=gnu11 -g3 -DDEBUG -DUSE_HAL_DRIVER -DSTM32F103xB -c -I../Core/Inc -I../Drivers/STM32F1xx_HAL_Driver/Inc/Legacy -I../Drivers/STM32F1xx_HAL_Driver/Inc -I../Drivers/CMSIS/Device/ST/STM32F1xx/Include -I../Drivers/CMSIS/Include -O0 -ffunction-sections -fdata-sections -Wall -fstack-usage -fcyclomatic-complexity -MMD -MP -MF"Core/Src/system_stm32f1xx.d" -MT"Core/Src/system_stm32f1xx.o" --specs=nano.specs -mfloat-abi=soft -mthumb -o "Core/Src/system_stm32f1xx.o"
arm-none-eabi-gcc -o "RGR1.elf" @"objects.list"   -mcpu=cortex-m3 -T"/Users/admin/Desktop/KPI/Ajax/RGR1/STM32F103C8TX_FLASH.ld" --specs=nosys.specs -Wl,-Map="RGR1.map" -Wl,--gc-sections -static --specs=nano.specs -mfloat-abi=soft -mthumb -Wl,--start-group -lc -lm -Wl,--end-group
Finished building target: RGR1.elf
 
arm-none-eabi-size  RGR1.elf 
arm-none-eabi-objdump -h -S RGR1.elf  > "RGR1.list"
   text	   data	    bss	    dec	    hex	filename
  31968	    112	   3600	  35680	   8b60	RGR1.elf
Finished building: default.size.stdout
 
Finished building: RGR1.list
 

00:15:58 Build Finished. 0 errors, 38 warnings. (took 5s.355ms)

